Component: Arm Compiler for Embedded 6.19 Tool: armlink [5e73cb00]

==============================================================================

Section Cross References

    z20k118m_startup.o(.text) refers to z20k118m_startup.o(.intvec) for __vector_table
    z20k118m_startup.o(.text) refers to entry.o(.ARM.Collect$$$$00000000) for __main
    z20k118m_startup.o(.text) refers to z20k11xm_uart.o(.text.UART0_DriverIRQHandler) for UART0_DriverIRQHandler
    z20k118m_startup.o(.text) refers to z20k11xm_uart.o(.text.UART1_DriverIRQHandler) for UART1_DriverIRQHandler
    z20k118m_startup.o(.text) refers to z20k11xm_uart.o(.text.UART2_DriverIRQHandler) for UART2_DriverIRQHandler
    z20k118m_startup.o(.text) refers to z20k11xm_uart.o(.text.UART3_DriverIRQHandler) for UART3_DriverIRQHandler
    z20k118m_startup.o(.text) refers to z20k11xm_tim.o(.text.TIM0_DriverIRQHandler) for TIM0_DriverIRQHandler
    z20k118m_startup.o(.text) refers to z20k11xm_tim.o(.text.TIM1_DriverIRQHandler) for TIM1_DriverIRQHandler
    z20k118m_startup.o(.text) refers to z20k11xm_tim.o(.text.TIM2_DriverIRQHandler) for TIM2_DriverIRQHandler
    z20k118m_startup.o(.text) refers to z20k11xm_clock.o(.text.SCC_DriverIRQHandler) for SCC_DriverIRQHandler
    z20k118m_startup.o(.text) refers to z20k11xm_wdog.o(.text.WDOG_DriverIRQHandler) for WDOG_DriverIRQHandler
    z20k118m_startup.o(.text) refers to z20k11xm_stim.o(.text.STIM_DriverIRQHandler) for STIM_DriverIRQHandler
    z20k118m_startup.o(.intvec) refers to z20k118m_startup.o(.text) for Reset_Handler
    z20k118m_startup.o(.intvec) refers to z20k11xm_gpio.o(.text.PORTABC_IRQHandler) for PORTABC_IRQHandler
    z20k118m_startup.o(.intvec) refers to z20k11xm_gpio.o(.text.PORTDE_IRQHandler) for PORTDE_IRQHandler
    main.o(.text.main) refers to z20k11xm_clock.o(.text.CLK_OSC40MEnable2) for CLK_OSC40MEnable2
    main.o(.text.main) refers to z20k11xm_clock.o(.text.CLK_SysClkSrc) for CLK_SysClkSrc
    main.o(.text.main) refers to z20k11xm_wdog.o(.text.WDOG_Disable) for WDOG_Disable
    main.o(.text.main) refers to z20k11xm_sysctrl.o(.text.SYSCTRL_EnableModule) for SYSCTRL_EnableModule
    main.o(.text.main) refers to z20k11xm_clock.o(.text.CLK_SetClkDivider) for CLK_SetClkDivider
    main.o(.text.main) refers to led.o(.text.led_init) for led_init
    main.o(.text.main) refers to delay.o(.text.delay_init) for delay_init
    main.o(.text.main) refers to uart.o(.text.uart1_init) for uart1_init
    main.o(.text.main) refers to drv10970.o(.text.drv10970_init) for drv10970_init
    main.o(.text.main) refers to main.o(.text.PWM_Confic) for PWM_Confic
    main.o(.text.main) refers to drv10970.o(.text.fr_control_dir) for fr_control_dir
    main.o(.text.main) refers to uart.o(.bss.p_flag) for p_flag
    main.o(.ARM.exidx.text.main) refers to main.o(.text.main) for [Anonymous Symbol]
    main.o(.text.PWM_Confic) refers to fmul.o(.text) for __aeabi_fmul
    main.o(.text.PWM_Confic) refers to ffixi.o(.text) for __aeabi_f2iz
    main.o(.text.PWM_Confic) refers to z20k11xm_tim.o(.text.TIM_SetCCVal) for TIM_SetCCVal
    main.o(.text.PWM_Confic) refers to z20k11xm_tim.o(.text.TIM_ReloadSyncCmd) for TIM_ReloadSyncCmd
    main.o(.ARM.exidx.text.PWM_Confic) refers to main.o(.text.PWM_Confic) for [Anonymous Symbol]
    led.o(.text.led_init) refers to z20k11xm_clock.o(.text.CLK_ModuleSrc) for CLK_ModuleSrc
    led.o(.text.led_init) refers to z20k11xm_sysctrl.o(.text.SYSCTRL_EnableModule) for SYSCTRL_EnableModule
    led.o(.text.led_init) refers to z20k11xm_gpio.o(.text.PORT_PinmuxConfig) for PORT_PinmuxConfig
    led.o(.text.led_init) refers to z20k11xm_gpio.o(.text.PORT_PinInit) for PORT_PinInit
    led.o(.text.led_init) refers to z20k11xm_gpio.o(.text.GPIO_SetPinDir) for GPIO_SetPinDir
    led.o(.text.led_init) refers to z20k11xm_gpio.o(.text.GPIO_WritePinOutput) for GPIO_WritePinOutput
    led.o(.ARM.exidx.text.led_init) refers to led.o(.text.led_init) for [Anonymous Symbol]
    led.o(.text.RGB_Set_Color) refers to z20k11xm_gpio.o(.text.GPIO_WritePinOutput) for GPIO_WritePinOutput
    led.o(.ARM.exidx.text.RGB_Set_Color) refers to led.o(.text.RGB_Set_Color) for [Anonymous Symbol]
    pwm.o(.text.pwm1_init) refers to z20k11xm_clock.o(.text.CLK_ModuleSrc) for CLK_ModuleSrc
    pwm.o(.text.pwm1_init) refers to z20k11xm_sysctrl.o(.text.SYSCTRL_EnableModule) for SYSCTRL_EnableModule
    pwm.o(.text.pwm1_init) refers to z20k11xm_clock.o(.text.CLK_SetClkDivider) for CLK_SetClkDivider
    pwm.o(.text.pwm1_init) refers to z20k11xm_sysctrl.o(.text.SYSCTRL_ResetModule) for SYSCTRL_ResetModule
    pwm.o(.text.pwm1_init) refers to z20k11xm_tim.o(.text.TIM_OutputEdgeAlignedPwmConfig) for TIM_OutputEdgeAlignedPwmConfig
    pwm.o(.text.pwm1_init) refers to z20k11xm_tim.o(.text.TIM_SyncConfig) for TIM_SyncConfig
    pwm.o(.text.pwm1_init) refers to z20k11xm_tim.o(.text.TIM_CountingModeConfig) for TIM_CountingModeConfig
[...]
    Removing z20k11xm_tim.o(.text.TIM_FaultControlCmd), (44 bytes).
    Removing z20k11xm_tim.o(.ARM.exidx.text.TIM_FaultControlCmd), (8 bytes).
    Removing z20k11xm_tim.o(.ARM.exidx.text.TIM_SWTriggerSyncCmd), (8 bytes).
    Removing z20k11xm_tim.o(.ARM.exidx.text.TIM_ReloadSyncCmd), (8 bytes).
    Removing z20k11xm_tim.o(.text.TIM_SyncSoftwareTrigger), (32 bytes).
    Removing z20k11xm_tim.o(.ARM.exidx.text.TIM_SyncSoftwareTrigger), (8 bytes).
    Removing z20k11xm_tim.o(.ARM.exidx.text.TIM_CNTINTUpdateModeSelect), (8 bytes).
    Removing z20k11xm_tim.o(.ARM.exidx.text.TIM_OSWCUpdateModeSelect), (8 bytes).
    Removing z20k11xm_tim.o(.text.TIM_CCVUpdateCmd), (34 bytes).
    Removing z20k11xm_tim.o(.ARM.exidx.text.TIM_CCVUpdateCmd), (8 bytes).
    Removing z20k11xm_tim.o(.ARM.exidx.text.TIM_ReloadParamConfig), (8 bytes).
    Removing z20k11xm_tim.o(.ARM.exidx.text.TIM_ChannleMatchReloadCmd), (8 bytes).
    Removing z20k11xm_tim.o(.ARM.exidx.text.TIM_SyncConfig), (8 bytes).
    Removing z20k11xm_tim.o(.text.TIM_DMACtrl), (52 bytes).
    Removing z20k11xm_tim.o(.ARM.exidx.text.TIM_DMACtrl), (8 bytes).
    Removing z20k11xm_tim.o(.ARM.exidx.text.TIM_IntMask), (8 bytes).
    Removing z20k11xm_tim.o(.text.TIM_IntClear), (336 bytes).
    Removing z20k11xm_tim.o(.ARM.exidx.text.TIM_IntClear), (8 bytes).
    Removing z20k11xm_tim.o(.text.TIM_GetIntStatus), (228 bytes).
    Removing z20k11xm_tim.o(.ARM.exidx.text.TIM_GetIntStatus), (8 bytes).
    Removing z20k11xm_tim.o(.text.TIM_GetFaultStatus), (96 bytes).
    Removing z20k11xm_tim.o(.ARM.exidx.text.TIM_GetFaultStatus), (8 bytes).
    Removing z20k11xm_tim.o(.text.TIM_FaultStatusClear), (108 bytes).
    Removing z20k11xm_tim.o(.ARM.exidx.text.TIM_FaultStatusClear), (8 bytes).
    Removing z20k11xm_tim.o(.text.TIM_MatchTriggerClear), (36 bytes).
    Removing z20k11xm_tim.o(.ARM.exidx.text.TIM_MatchTriggerClear), (8 bytes).
    Removing z20k11xm_tim.o(.ARM.exidx.text.TIM_InstallCallBackFunc), (8 bytes).
    Removing z20k11xm_uart.o(.text), (0 bytes).
    Removing z20k11xm_uart.o(.ARM.exidx.text.UART_InstallCallBackFunc), (8 bytes).
    Removing z20k11xm_uart.o(.text.UART_GetLineStatusBufForCbf), (20 bytes).
    Removing z20k11xm_uart.o(.ARM.exidx.text.UART_GetLineStatusBufForCbf), (8 bytes).
    Removing z20k11xm_uart.o(.text.UART_DefaultInit), (224 bytes).
    Removing z20k11xm_uart.o(.ARM.exidx.text.UART_DefaultInit), (8 bytes).
    Removing z20k11xm_uart.o(.ARM.exidx.text.UART_Init), (8 bytes).
    Removing z20k11xm_uart.o(.ARM.exidx.text.UART_WaitBusyClear), (8 bytes).
    Removing z20k11xm_uart.o(.ARM.exidx.text.UART_GetBusyStatus), (8 bytes).
    Removing z20k11xm_uart.o(.text.UART_RtsEnable), (44 bytes).
    Removing z20k11xm_uart.o(.ARM.exidx.text.UART_RtsEnable), (8 bytes).
    Removing z20k11xm_uart.o(.text.UART_SetLoopBackMode), (44 bytes).
    Removing z20k11xm_uart.o(.ARM.exidx.text.UART_SetLoopBackMode), (8 bytes).
    Removing z20k11xm_uart.o(.text.UART_SendBreak), (92 bytes).
    Removing z20k11xm_uart.o(.ARM.exidx.text.UART_SendBreak), (8 bytes).
    Removing z20k11xm_uart.o(.ARM.exidx.text.UART_ReceiveByte), (8 bytes).
    Removing z20k11xm_uart.o(.text.UART_ReceiveBytes), (64 bytes).
    Removing z20k11xm_uart.o(.ARM.exidx.text.UART_ReceiveBytes), (8 bytes).
    Removing z20k11xm_uart.o(.text.UART_EmptyRxFifo), (52 bytes).
    Removing z20k11xm_uart.o(.ARM.exidx.text.UART_EmptyRxFifo), (8 bytes).
    Removing z20k11xm_uart.o(.ARM.exidx.text.UART_GetLineStatus), (8 bytes).
    Removing z20k11xm_uart.o(.text.UART_9BitsM0Rx), (52 bytes).
    Removing z20k11xm_uart.o(.ARM.exidx.text.UART_9BitsM0Rx), (8 bytes).
    Removing z20k11xm_uart.o(.text.UART_9BitsM1SetAddr), (44 bytes).
    Removing z20k11xm_uart.o(.ARM.exidx.text.UART_9BitsM1SetAddr), (8 bytes).
    Removing z20k11xm_uart.o(.text.UART_9BitsHWRecvEnable), (36 bytes).
    Removing z20k11xm_uart.o(.ARM.exidx.text.UART_9BitsHWRecvEnable), (8 bytes).
    Removing z20k11xm_uart.o(.text.UART_9BitsM1RxAddr), (116 bytes).
    Removing z20k11xm_uart.o(.ARM.exidx.text.UART_9BitsM1RxAddr), (8 bytes).
    Removing z20k11xm_uart.o(.text.UART_9BitsM1RxData), (68 bytes).
    Removing z20k11xm_uart.o(.ARM.exidx.text.UART_9BitsM1RxData), (8 bytes).
    Removing z20k11xm_uart.o(.ARM.exidx.text.UART_SendByte), (8 bytes).
    Removing z20k11xm_uart.o(.text.UART_9BitsM0SetAddr), (76 bytes).
    Removing z20k11xm_uart.o(.ARM.exidx.text.UART_9BitsM0SetAddr), (8 bytes).
    Removing z20k11xm_uart.o(.text.UART_9BitsM0SendAddr), (36 bytes).
    Removing z20k11xm_uart.o(.ARM.exidx.text.UART_9BitsM0SendAddr), (8 bytes).
    Removing z20k11xm_uart.o(.text.UART_9BitsM1TxData), (84 bytes).
    Removing z20k11xm_uart.o(.ARM.exidx.text.UART_9BitsM1TxData), (8 bytes).
    Removing z20k11xm_uart.o(.text.UART_FIFOConfig), (100 bytes).
    Removing z20k11xm_uart.o(.ARM.exidx.text.UART_FIFOConfig), (8 bytes).
    Removing z20k11xm_uart.o(.text.UART_GetfifoStatus), (52 bytes).
    Removing z20k11xm_uart.o(.ARM.exidx.text.UART_GetfifoStatus), (8 bytes).
    Removing z20k11xm_uart.o(.text.UART_ResetRxFifo), (60 bytes).
    Removing z20k11xm_uart.o(.ARM.exidx.text.UART_ResetRxFifo), (8 bytes).
    Removing z20k11xm_uart.o(.text.UART_ResetTxFifo), (60 bytes).
    Removing z20k11xm_uart.o(.ARM.exidx.text.UART_ResetTxFifo), (8 bytes).
    Removing z20k11xm_uart.o(.text.UART_DebugCmd), (44 bytes).
    Removing z20k11xm_uart.o(.ARM.exidx.text.UART_DebugCmd), (8 bytes).
    Removing z20k11xm_uart.o(.text.UART_IdleDetectConfig), (68 bytes).
    Removing z20k11xm_uart.o(.ARM.exidx.text.UART_IdleDetectConfig), (8 bytes).
    Removing z20k11xm_uart.o(.text.UART_LinConfig), (424 bytes).
    Removing z20k11xm_uart.o(.ARM.exidx.text.UART_LinConfig), (8 bytes).
    Removing z20k11xm_uart.o(.text.UART_LinSendHeader), (220 bytes).
    Removing z20k11xm_uart.o(.ARM.exidx.text.UART_LinSendHeader), (8 bytes).
    Removing z20k11xm_uart.o(.text.UART_LinStopTransmission), (48 bytes).
    Removing z20k11xm_uart.o(.ARM.exidx.text.UART_LinStopTransmission), (8 bytes).
    Removing z20k11xm_uart.o(.text.UART_LinGetTransmissionStatus), (76 bytes).
    Removing z20k11xm_uart.o(.ARM.exidx.text.UART_LinGetTransmissionStatus), (8 bytes).
    Removing z20k11xm_uart.o(.text.UART_LinStartReceiveHeader), (176 bytes).
    Removing z20k11xm_uart.o(.ARM.exidx.text.UART_LinStartReceiveHeader), (8 bytes).
    Removing z20k11xm_uart.o(.text.UART_LinGetId), (36 bytes).
    Removing z20k11xm_uart.o(.ARM.exidx.text.UART_LinGetId), (8 bytes).
    Removing z20k11xm_uart.o(.text.UART_LinSendResponse), (240 bytes).
    Removing z20k11xm_uart.o(.ARM.exidx.text.UART_LinSendResponse), (8 bytes).
    Removing z20k11xm_uart.o(.text.UART_LinStartReceiveResponse), (220 bytes).
    Removing z20k11xm_uart.o(.ARM.exidx.text.UART_LinStartReceiveResponse), (8 bytes).
    Removing z20k11xm_uart.o(.text.UART_LinReadResponse), (64 bytes).
    Removing z20k11xm_uart.o(.ARM.exidx.text.UART_LinReadResponse), (8 bytes).
    Removing z20k11xm_uart.o(.text.UART_GetAllLineStatus), (28 bytes).
    Removing z20k11xm_uart.o(.ARM.exidx.text.UART_GetAllLineStatus), (8 bytes).
    Removing z20k11xm_uart.o(.text.UART_GetIntStatus), (56 bytes).
    Removing z20k11xm_uart.o(.ARM.exidx.text.UART_GetIntStatus), (8 bytes).
    Removing z20k11xm_uart.o(.ARM.exidx.text.UART_IntMask), (8 bytes).
    Removing z20k11xm_uart.o(.ARM.exidx.text.UART0_DriverIRQHandler), (8 bytes).
    Removing z20k11xm_uart.o(.ARM.exidx.text.UART_IntHandler), (8 bytes).
    Removing z20k11xm_uart.o(.ARM.exidx.text.UART1_DriverIRQHandler), (8 bytes).
    Removing z20k11xm_uart.o(.ARM.exidx.text.UART2_DriverIRQHandler), (8 bytes).
    Removing z20k11xm_uart.o(.ARM.exidx.text.UART3_DriverIRQHandler), (8 bytes).
    Removing z20k11xm_uart.o(.rodata.cst16), (48 bytes).
    Removing z20k11xm_uart.o(.bss.uartFifoControlBuf), (16 bytes).
    Removing z20k11xm_uart.o(.rodata.uartInterruptStatusTable), (28 bytes).
    Removing z20k11xm_drv.o(.text), (0 bytes).
    Removing z20k11xm_drv.o(.code_ram), (30 bytes).
    Removing z20k11xm_drv.o(.ARM.exidx.code_ram), (8 bytes).
    Removing z20k11xm_sysctrl.o(.text), (0 bytes).
    Removing z20k11xm_sysctrl.o(.text.SYSCTRL_GetDeviceId), (64 bytes).
    Removing z20k11xm_sysctrl.o(.ARM.exidx.text.SYSCTRL_GetDeviceId), (8 bytes).
    Removing z20k11xm_sysctrl.o(.text.SYSCTRL_Get128BitUniqueId), (56 bytes).
    Removing z20k11xm_sysctrl.o(.ARM.exidx.text.SYSCTRL_Get128BitUniqueId), (8 bytes).
    Removing z20k11xm_sysctrl.o(.ARM.exidx.text.SYSCTRL_ResetModule), (8 bytes).
    Removing z20k11xm_sysctrl.o(.ARM.exidx.text.SYSCTRL_EnableModule), (8 bytes).
    Removing z20k11xm_sysctrl.o(.text.SYSCTRL_EnableModuleWithOffInStopMode), (668 bytes).
    Removing z20k11xm_sysctrl.o(.ARM.exidx.text.SYSCTRL_EnableModuleWithOffInStopMode), (8 bytes).
    Removing z20k11xm_sysctrl.o(.text.SYSCTRL_DisableModule), (708 bytes).
    Removing z20k11xm_sysctrl.o(.ARM.exidx.text.SYSCTRL_DisableModule), (8 bytes).
    Removing z20k11xm_sysctrl.o(.text.SYSCTRL_ModuleWriteControl), (640 bytes).
    Removing z20k11xm_sysctrl.o(.ARM.exidx.text.SYSCTRL_ModuleWriteControl), (8 bytes).
    Removing z20k11xm_sysctrl.o(.text.SYSCTRL_SramEccConfig), (220 bytes).
    Removing z20k11xm_sysctrl.o(.ARM.exidx.text.SYSCTRL_SramEccConfig), (8 bytes).
    Removing z20k11xm_sysctrl.o(.text.SYSCTRL_GetSramEccErrStatus), (72 bytes).
    Removing z20k11xm_sysctrl.o(.ARM.exidx.text.SYSCTRL_GetSramEccErrStatus), (8 bytes).
    Removing z20k11xm_sysctrl.o(.text.SYSCTRL_ClearSramEccErrStatus), (52 bytes).
    Removing z20k11xm_sysctrl.o(.ARM.exidx.text.SYSCTRL_ClearSramEccErrStatus), (8 bytes).
    Removing z20k11xm_sysctrl.o(.text.SYSCTRL_GetSramEccErrCause), (244 bytes).
    Removing z20k11xm_sysctrl.o(.ARM.exidx.text.SYSCTRL_GetSramEccErrCause), (8 bytes).
    Removing z20k11xm_sysctrl.o(.text.SYSCTRL_SoftTriggerToTmu), (64 bytes).
    Removing z20k11xm_sysctrl.o(.ARM.exidx.text.SYSCTRL_SoftTriggerToTmu), (8 bytes).
    Removing z20k11xm_wdog.o(.text), (0 bytes).
    Removing z20k11xm_wdog.o(.text.WDOG_Init), (212 bytes).
    Removing z20k11xm_wdog.o(.ARM.exidx.text.WDOG_Init), (8 bytes).
    Removing z20k11xm_wdog.o(.ARM.exidx.text.WDOG_UNLOCK_CONFIG), (8 bytes).
    Removing z20k11xm_wdog.o(.ARM.exidx.text.WDOG_WaitConfigCompleted), (8 bytes).
    Removing z20k11xm_wdog.o(.text.WDOG_Enable), (36 bytes).
    Removing z20k11xm_wdog.o(.ARM.exidx.text.WDOG_Enable), (8 bytes).
    Removing z20k11xm_wdog.o(.ARM.exidx.text.WDOG_Disable), (8 bytes).
    Removing z20k11xm_wdog.o(.text.WDOG_Refresh), (8 bytes).
    Removing z20k11xm_wdog.o(.ARM.exidx.text.WDOG_Refresh), (8 bytes).
    Removing z20k11xm_wdog.o(.code_ram), (44 bytes).
    Removing z20k11xm_wdog.o(.ARM.exidx.code_ram), (8 bytes).
    Removing z20k11xm_wdog.o(.text.WDOG_GetConfigAllowStatus), (24 bytes).
    Removing z20k11xm_wdog.o(.ARM.exidx.text.WDOG_GetConfigAllowStatus), (8 bytes).
    Removing z20k11xm_wdog.o(.text.WDOG_ConfigAllowControl), (44 bytes).
    Removing z20k11xm_wdog.o(.ARM.exidx.text.WDOG_ConfigAllowControl), (8 bytes).
    Removing z20k11xm_wdog.o(.text.WDOG_WindowModeControl), (44 bytes).
    Removing z20k11xm_wdog.o(.ARM.exidx.text.WDOG_WindowModeControl), (8 bytes).
    Removing z20k11xm_wdog.o(.text.WDOG_SetWindowValue), (32 bytes).
    Removing z20k11xm_wdog.o(.ARM.exidx.text.WDOG_SetWindowValue), (8 bytes).
    Removing z20k11xm_wdog.o(.text.WDOG_GetWindowValue), (20 bytes).
    Removing z20k11xm_wdog.o(.ARM.exidx.text.WDOG_GetWindowValue), (8 bytes).
    Removing z20k11xm_wdog.o(.text.WDOG_SetClockSource), (48 bytes).
    Removing z20k11xm_wdog.o(.ARM.exidx.text.WDOG_SetClockSource), (8 bytes).
    Removing z20k11xm_wdog.o(.text.WDOG_SetTimeoutValue), (32 bytes).
    Removing z20k11xm_wdog.o(.ARM.exidx.text.WDOG_SetTimeoutValue), (8 bytes).
    Removing z20k11xm_wdog.o(.text.WDOG_GetTimeoutValue), (20 bytes).
    Removing z20k11xm_wdog.o(.ARM.exidx.text.WDOG_GetTimeoutValue), (8 bytes).
    Removing z20k11xm_wdog.o(.text.WDOG_StopModeControl), (44 bytes).
    Removing z20k11xm_wdog.o(.ARM.exidx.text.WDOG_StopModeControl), (8 bytes).
    Removing z20k11xm_wdog.o(.text.WDOG_WaitModeControl), (44 bytes).
    Removing z20k11xm_wdog.o(.ARM.exidx.text.WDOG_WaitModeControl), (8 bytes).
    Removing z20k11xm_wdog.o(.text.WDOG_DebugModeControl), (44 bytes).
    Removing z20k11xm_wdog.o(.ARM.exidx.text.WDOG_DebugModeControl), (8 bytes).
    Removing z20k11xm_wdog.o(.text.WDOG_SetTestMode), (48 bytes).
    Removing z20k11xm_wdog.o(.ARM.exidx.text.WDOG_SetTestMode), (8 bytes).
    Removing z20k11xm_wdog.o(.text.WDOG_GetTestMode), (24 bytes).
    Removing z20k11xm_wdog.o(.ARM.exidx.text.WDOG_GetTestMode), (8 bytes).
    Removing z20k11xm_wdog.o(.text.WDOG_GetCounter), (20 bytes).
    Removing z20k11xm_wdog.o(.ARM.exidx.text.WDOG_GetCounter), (8 bytes).
    Removing z20k11xm_wdog.o(.text.WDOG_GetConfigCompletedStatus), (24 bytes).
    Removing z20k11xm_wdog.o(.ARM.exidx.text.WDOG_GetConfigCompletedStatus), (8 bytes).
    Removing z20k11xm_wdog.o(.text.WDOG_GetLockStatus), (24 bytes).
    Removing z20k11xm_wdog.o(.ARM.exidx.text.WDOG_GetLockStatus), (8 bytes).
    Removing z20k11xm_wdog.o(.text.WDOG_GetIntStatus), (36 bytes).
    Removing z20k11xm_wdog.o(.ARM.exidx.text.WDOG_GetIntStatus), (8 bytes).
    Removing z20k11xm_wdog.o(.text.WDOG_ClearIntStatus), (48 bytes).
    Removing z20k11xm_wdog.o(.ARM.exidx.text.WDOG_ClearIntStatus), (8 bytes).
    Removing z20k11xm_wdog.o(.text.WDOG_IntMask), (72 bytes).
    Removing z20k11xm_wdog.o(.ARM.exidx.text.WDOG_IntMask), (8 bytes).
    Removing z20k11xm_wdog.o(.text.WDOG_InstallCallBackFunc), (36 bytes).
    Removing z20k11xm_wdog.o(.ARM.exidx.text.WDOG_InstallCallBackFunc), (8 bytes).
    Removing z20k11xm_wdog.o(.ARM.exidx.text.WDOG_DriverIRQHandler), (8 bytes).
    Removing z20k11xm_wdog.o(.rodata.wdogIntMask), (8 bytes).
    Removing z20k11xm_stim.o(.text), (0 bytes).
    Removing z20k11xm_stim.o(.ARM.exidx.text.STIM_DriverIRQHandler), (8 bytes).
    Removing z20k11xm_stim.o(.ARM.exidx.text.STIM_IntHandler), (8 bytes).
    Removing z20k11xm_stim.o(.ARM.exidx.text.STIM_InstallCallBackFunc), (8 bytes).
    Removing z20k11xm_stim.o(.ARM.exidx.text.STIM_Init), (8 bytes).
    Removing z20k11xm_stim.o(.text.STIM_SetCompareValue), (24 bytes).
    Removing z20k11xm_stim.o(.ARM.exidx.text.STIM_SetCompareValue), (8 bytes).
    Removing z20k11xm_stim.o(.text.STIM_GetCurrentCounterValue), (20 bytes).
    Removing z20k11xm_stim.o(.ARM.exidx.text.STIM_GetCurrentCounterValue), (8 bytes).
    Removing z20k11xm_stim.o(.ARM.exidx.text.STIM_Enable), (8 bytes).
    Removing z20k11xm_stim.o(.text.STIM_Disable), (28 bytes).
    Removing z20k11xm_stim.o(.ARM.exidx.text.STIM_Disable), (8 bytes).
    Removing z20k11xm_stim.o(.ARM.exidx.text.STIM_IntCmd), (8 bytes).
    Removing z20k11xm_stim.o(.text.STIM_DmaCmd), (40 bytes).
    Removing z20k11xm_stim.o(.ARM.exidx.text.STIM_DmaCmd), (8 bytes).
    Removing z20k11xm_stim.o(.text.STIM_GetStatus), (28 bytes).
    Removing z20k11xm_stim.o(.ARM.exidx.text.STIM_GetStatus), (8 bytes).
    Removing z20k11xm_stim.o(.text.STIM_ClearInt), (28 bytes).
    Removing z20k11xm_stim.o(.ARM.exidx.text.STIM_ClearInt), (8 bytes).
    Removing dadd.o(.text), (356 bytes).
    Removing dfltui.o(.text), (28 bytes).
    Removing dfixi.o(.text), (72 bytes).
    Removing dfixui.o(.text), (60 bytes).
    Removing dscalb.o(.text), (44 bytes).
    Removing cdrcmple.o(.text), (40 bytes).
    Removing dsqrt.o(.text), (162 bytes).

475 unused section(s) (total 21367 bytes) removed from the image.

==============================================================================

Image Symbol Table

    Local Symbols

    Symbol Name                              Value     Ov Type        Size  Object(Section)

    ../clib/division.s                       0x00000000   Number         0  aeabi_sdiv.o ABSOLUTE
    ../clib/division.s                       0x00000000   Number         0  aeabi_sdiv_div0.o ABSOLUTE
    ../clib/microlib/division.c              0x00000000   Number         0  uidiv.o ABSOLUTE
    ../clib/microlib/division.c              0x00000000   Number         0  idiv.o ABSOLUTE
    ../clib/microlib/division.c              0x00000000   Number         0  uidiv_div0.o ABSOLUTE
    ../clib/microlib/division.c              0x00000000   Number         0  idiv_div0.o ABSOLUTE
    ../clib/microlib/division.c              0x00000000   Number         0  idiv0.o ABSOLUTE
    ../clib/microlib/errno.c                 0x00000000   Number         0  errno.o ABSOLUTE
    ../clib/microlib/init/entry.s            0x00000000   Number         0  entry.o ABSOLUTE
    ../clib/microlib/init/entry.s            0x00000000   Number         0  entry4.o ABSOLUTE
    ../clib/microlib/init/entry.s            0x00000000   Number         0  entry5.o ABSOLUTE
    ../clib/microlib/init/entry.s            0x00000000   Number         0  entry7a.o ABSOLUTE
    ../clib/microlib/init/entry.s            0x00000000   Number         0  entry7b.o ABSOLUTE
    ../clib/microlib/init/entry.s            0x00000000   Number         0  entry8a.o ABSOLUTE
    ../clib/microlib/init/entry.s            0x00000000   Number         0  entry8b.o ABSOLUTE
    ../clib/microlib/init/entry.s            0x00000000   Number         0  entry9a.o ABSOLUTE
    ../clib/microlib/init/entry.s            0x00000000   Number         0  entry9b.o ABSOLUTE
    ../clib/microlib/init/entry.s            0x00000000   Number         0  entry10a.o ABSOLUTE
    ../clib/microlib/init/entry.s            0x00000000   Number         0  entry10b.o ABSOLUTE
    ../clib/microlib/init/entry.s            0x00000000   Number         0  entry11a.o ABSOLUTE
    ../clib/microlib/init/entry.s            0x00000000   Number         0  entry11b.o ABSOLUTE
    ../clib/microlib/longlong.c              0x00000000   Number         0  llshl.o ABSOLUTE
    ../clib/microlib/longlong.c              0x00000000   Number         0  llushr.o ABSOLUTE
    ../clib/microlib/longlong.c              0x00000000   Number         0  llsshr.o ABSOLUTE
    ../clib/microlib/string/strlen.c         0x00000000   Number         0  strlen.o ABSOLUTE
    ../clib/microlib/stubs.s                 0x00000000   Number         0  iusefp.o ABSOLUTE
    ../fplib/microlib/d2f.c                  0x00000000   Number         0  d2f.o ABSOLUTE
    ../fplib/microlib/f2d.c                  0x00000000   Number         0  f2d.o ABSOLUTE
    ../fplib/microlib/fpadd.c                0x00000000   Number         0  dadd.o ABSOLUTE
    ../fplib/microlib/fpdiv.c                0x00000000   Number         0  ddiv.o ABSOLUTE
    ../fplib/microlib/fpepilogue.c           0x00000000   Number         0  fepilogue.o ABSOLUTE
    ../fplib/microlib/fpepilogue.c           0x00000000   Number         0  depilogue.o ABSOLUTE
    ../fplib/microlib/fpfix.c                0x00000000   Number         0  ffixi.o ABSOLUTE
    ../fplib/microlib/fpfix.c                0x00000000   Number         0  dfixi.o ABSOLUTE
    ../fplib/microlib/fpfix.c                0x00000000   Number         0  dfixui.o ABSOLUTE
    ../fplib/microlib/fpflt.c                0x00000000   Number         0  dflti.o ABSOLUTE
    ../fplib/microlib/fpflt.c                0x00000000   Number         0  dfltui.o ABSOLUTE
    ../fplib/microlib/fpmul.c                0x00000000   Number         0  fmul.o ABSOLUTE
    ../fplib/microlib/fpmul.c                0x00000000   Number         0  dmul.o ABSOLUTE
    ../fplib/microlib/fpscalb.c              0x00000000   Number         0  dscalb.o ABSOLUTE
    ../fplib/microlib/fpsqrt.c               0x00000000   Number         0  dsqrt.o ABSOLUTE
    ../mathlib/dunder.c                      0x00000000   Number         0  dunder.o ABSOLUTE
    ../mathlib/fpclassify.c                  0x00000000   Number         0  fpclassify.o ABSOLUTE
    ../mathlib/poly.c                        0x00000000   Number         0  poly.o ABSOLUTE
    ../mathlib/pow.c                         0x00000000   Number         0  pow.o ABSOLUTE
    ../mathlib/qnan.c                        0x00000000   Number         0  qnan.o ABSOLUTE
    ../mathlib/sqrt.c                        0x00000000   Number         0  sqrt.o ABSOLUTE
    User/Z20K118M_startup.s                  0x00000000   Number         0  z20k118m_startup.o ABSOLUTE
    Z20K11xM_clock.c                         0x00000000   Number         0  z20k11xm_clock.o ABSOLUTE
    Z20K11xM_drv.c                           0x00000000   Number         0  z20k11xm_drv.o ABSOLUTE
    Z20K11xM_gpio.c                          0x00000000   Number         0  z20k11xm_gpio.o ABSOLUTE
    Z20K11xM_stim.c                          0x00000000   Number         0  z20k11xm_stim.o ABSOLUTE
    Z20K11xM_sysctrl.c                       0x00000000   Number         0  z20k11xm_sysctrl.o ABSOLUTE
    Z20K11xM_tim.c                           0x00000000   Number         0  z20k11xm_tim.o ABSOLUTE
    Z20K11xM_uart.c                          0x00000000   Number         0  z20k11xm_uart.o ABSOLUTE
    Z20K11xM_wdog.c                          0x00000000   Number         0  z20k11xm_wdog.o ABSOLUTE
    cdrcmple.s                               0x00000000   Number         0  cdrcmple.o ABSOLUTE
    dc.s                                     0x00000000   Number         0  dc.o ABSOLUTE
    delay.c                                  0x00000000   Number         0  delay.o ABSOLUTE
    drv10970.c                               0x00000000   Number         0  drv10970.o ABSOLUTE
    enconder.c                               0x00000000   Number         0  enconder.o ABSOLUTE
    handlers.s                               0x00000000   Number         0  handlers.o ABSOLUTE
    init.s                                   0x00000000   Number         0  init.o ABSOLUTE
    led.c                                    0x00000000   Number         0  led.o ABSOLUTE
    main.c                                   0x00000000   Number         0  main.o ABSOLUTE
    pwm.c                                    0x00000000   Number         0  pwm.o ABSOLUTE
    uart.c                                   0x00000000   Number         0  uart.o ABSOLUTE
    .intvec                                  0x00000000   Section      192  z20k118m_startup.o(.intvec)
    .ARM.Collect$$$$00000000                 0x000000c0   Section        0  entry.o(.ARM.Collect$$$$00000000)
    .ARM.Collect$$$$00000003                 0x000000c0   Section        4  entry4.o(.ARM.Collect$$$$00000003)
    .ARM.Collect$$$$00000004                 0x000000c4   Section        4  entry5.o(.ARM.Collect$$$$00000004)
    .ARM.Collect$$$$00000008                 0x000000c8   Section        0  entry7b.o(.ARM.Collect$$$$00000008)
    .ARM.Collect$$$$0000000A                 0x000000c8   Section        0  entry8b.o(.ARM.Collect$$$$0000000A)
    .ARM.Collect$$$$0000000B                 0x000000c8   Section        8  entry9a.o(.ARM.Collect$$$$0000000B)
    __lit__00000000                          0x000000d0   Data           4  entry4.o(.ARM.Collect$$$$00002714)
    .ARM.Collect$$$$0000000D                 0x000000d0   Section        0  entry10a.o(.ARM.Collect$$$$0000000D)
    .ARM.Collect$$$$0000000F                 0x000000d0   Section        0  entry11a.o(.ARM.Collect$$$$0000000F)
    .ARM.Collect$$$$00002714                 0x000000d0   Section        4  entry4.o(.ARM.Collect$$$$00002714)
    __RAM_START                              0x000000d4   Data           4  z20k118m_startup.o(.text)
    .text                                    0x000000d4   Section      344  z20k118m_startup.o(.text)
    __RAM_END                                0x000000d8   Data           4  z20k118m_startup.o(.text)
    .text                                    0x0000022c   Section        0  fmul.o(.text)
    .text                                    0x000002a8   Section        0  dmul.o(.text)
    .text                                    0x00000378   Section        0  ddiv.o(.text)
    .text                                    0x00000468   Section        0  dflti.o(.text)
    .text                                    0x00000490   Section        0  ffixi.o(.text)
    .text                                    0x000004c2   Section        0  f2d.o(.text)
    .text                                    0x000004ea   Section        0  d2f.o(.text)
    .text                                    0x00000522   Section        0  uidiv_div0.o(.text)
    .text                                    0x00000560   Section        0  llshl.o(.text)
    .text                                    0x00000580   Section        0  llushr.o(.text)
    .text                                    0x000005a2   Section        0  iusefp.o(.text)
    .text                                    0x000005a2   Section        0  fepilogue.o(.text)
    .text                                    0x00000624   Section        0  depilogue.o(.text)
    .text                                    0x000006e4   Section       36  init.o(.text)
    [Anonymous Symbol]                       0x00000708   Section        0  z20k11xm_clock.o(.text.CLK_FIRC64MMonitorDisable)
    __arm_cp.12_0                            0x00000734   Number         4  z20k11xm_clock.o(.text.CLK_FIRC64MMonitorDisable)
    [Anonymous Symbol]                       0x00000738   Section        0  z20k11xm_clock.o(.text.CLK_GetModuleClkFreq)
    __arm_cp.19_0                            0x00000a78   Number         4  z20k11xm_clock.o(.text.CLK_GetModuleClkFreq)
    CLK_GetSysClkFreq                        0x00000a7d   Thumb Code    60  z20k11xm_clock.o(.text.CLK_GetSysClkFreq)
    [Anonymous Symbol]                       0x00000a7c   Section        0  z20k11xm_clock.o(.text.CLK_GetSysClkFreq)
    __arm_cp.20_1                            0x00000ab8   Number         4  z20k11xm_clock.o(.text.CLK_GetSysClkFreq)
    [Anonymous Symbol]                       0x00000abc   Section        0  z20k11xm_clock.o(.text.CLK_GetSysClkSrc)
    __arm_cp.2_0                             0x00000ae0   Number         4  z20k11xm_clock.o(.text.CLK_GetSysClkSrc)
    [Anonymous Symbol]                       0x00000ae4   Section        0  z20k11xm_clock.o(.text.CLK_ModuleSrc)
    __arm_cp.18_0                            0x00000dd8   Number         4  z20k11xm_clock.o(.text.CLK_ModuleSrc)
    [Anonymous Symbol]                       0x00000ddc   Section        0  z20k11xm_clock.o(.text.CLK_OSC40MEnable2)
    __arm_cp.5_1                             0x00000ebc   Number         4  z20k11xm_clock.o(.text.CLK_OSC40MEnable2)
    [Anonymous Symbol]                       0x00000ec0   Section        0  z20k11xm_clock.o(.text.CLK_OSC40MMonitorDisable)
    __arm_cp.10_0                            0x00000eec   Number         4  z20k11xm_clock.o(.text.CLK_OSC40MMonitorDisable)
    [Anonymous Symbol]                       0x00000ef0   Section        0  z20k11xm_clock.o(.text.CLK_SetClkDivider)
    __arm_cp.17_0                            0x00001200   Number         4  z20k11xm_clock.o(.text.CLK_SetClkDivider)
    [Anonymous Symbol]                       0x00001204   Section        0  z20k11xm_clock.o(.text.CLK_SysClkSrc)
    __arm_cp.6_0                             0x000012b8   Number         4  z20k11xm_clock.o(.text.CLK_SysClkSrc)
    [Anonymous Symbol]                       0x000012bc   Section        0  z20k11xm_clock.o(.text.CLK_WaitClkReady)
    __arm_cp.4_0                             0x000013a0   Number         4  z20k11xm_clock.o(.text.CLK_WaitClkReady)
    __arm_cp.4_1                             0x000013a4   Number         4  z20k11xm_clock.o(.text.CLK_WaitClkReady)
    __arm_cp.4_2                             0x000013a8   Number         4  z20k11xm_clock.o(.text.CLK_WaitClkReady)
    __arm_cp.4_3                             0x000013ac   Number         4  z20k11xm_clock.o(.text.CLK_WaitClkReady)
    __arm_cp.4_4                             0x000013b0   Number         4  z20k11xm_clock.o(.text.CLK_WaitClkReady)
    CLK_WaitOSC40MSwitchReady                0x000013b5   Thumb Code    56  z20k11xm_clock.o(.text.CLK_WaitOSC40MSwitchReady)
    [Anonymous Symbol]                       0x000013b4   Section        0  z20k11xm_clock.o(.text.CLK_WaitOSC40MSwitchReady)
    __arm_cp.3_0                             0x000013ec   Number         4  z20k11xm_clock.o(.text.CLK_WaitOSC40MSwitchReady)
    __arm_cp.3_1                             0x000013f0   Number         4  z20k11xm_clock.o(.text.CLK_WaitOSC40MSwitchReady)
    FR_init                                  0x000013f5   Thumb Code   128  drv10970.o(.text.FR_init)
    [Anonymous Symbol]                       0x000013f4   Section        0  drv10970.o(.text.FR_init)
    [Anonymous Symbol]                       0x00001474   Section        0  z20k11xm_gpio.o(.text.GPIO_SetPinDir)
    [Anonymous Symbol]                       0x000014b0   Section        0  z20k11xm_gpio.o(.text.GPIO_WritePinOutput)
    __arm_cp.21_0                            0x000014ec   Number         4  z20k11xm_gpio.o(.text.GPIO_WritePinOutput)
    [Anonymous Symbol]                       0x000014f0   Section        0  z20k11xm_gpio.o(.text.PORTABC_IRQHandler)
    __arm_cp.0_0                             0x00001560   Number         4  z20k11xm_gpio.o(.text.PORTABC_IRQHandler)
    __arm_cp.0_2                             0x00001564   Number         4  z20k11xm_gpio.o(.text.PORTABC_IRQHandler)
    __arm_cp.0_3                             0x00001568   Number         4  z20k11xm_gpio.o(.text.PORTABC_IRQHandler)
    [Anonymous Symbol]                       0x0000156c   Section        0  z20k11xm_gpio.o(.text.PORTDE_IRQHandler)
    __arm_cp.2_0                             0x000015b8   Number         4  z20k11xm_gpio.o(.text.PORTDE_IRQHandler)
    __arm_cp.2_2                             0x000015bc   Number         4  z20k11xm_gpio.o(.text.PORTDE_IRQHandler)
    PORT_IntHandler                          0x000015c1   Thumb Code   172  z20k11xm_gpio.o(.text.PORT_IntHandler)
    [Anonymous Symbol]                       0x000015c0   Section        0  z20k11xm_gpio.o(.text.PORT_IntHandler)
    __arm_cp.1_2                             0x0000166c   Number         4  z20k11xm_gpio.o(.text.PORT_IntHandler)
    [Anonymous Symbol]                       0x00001670   Section        0  z20k11xm_gpio.o(.text.PORT_PinInit)
    [Anonymous Symbol]                       0x00001794   Section        0  z20k11xm_gpio.o(.text.PORT_PinmuxConfig)
    __arm_cp.5_0                             0x00001804   Number         4  z20k11xm_gpio.o(.text.PORT_PinmuxConfig)
    __arm_cp.5_1                             0x00001808   Number         4  z20k11xm_gpio.o(.text.PORT_PinmuxConfig)
    [Anonymous Symbol]                       0x0000180c   Section        0  main.o(.text.PWM_Confic)
    __arm_cp.1_0                             0x00001850   Number         4  main.o(.text.PWM_Confic)
    [Anonymous Symbol]                       0x00001854   Section        0  z20k11xm_clock.o(.text.SCC_DriverIRQHandler)
    __arm_cp.27_0                            0x000018fc   Number         4  z20k11xm_clock.o(.text.SCC_DriverIRQHandler)
    __arm_cp.27_1                            0x00001900   Number         4  z20k11xm_clock.o(.text.SCC_DriverIRQHandler)
    __arm_cp.27_2                            0x00001904   Number         4  z20k11xm_clock.o(.text.SCC_DriverIRQHandler)
    STIMTEST_IntCallBack                     0x00001909   Thumb Code    12  delay.o(.text.STIMTEST_IntCallBack)
    [Anonymous Symbol]                       0x00001908   Section        0  delay.o(.text.STIMTEST_IntCallBack)
    __arm_cp.1_0                             0x00001914   Number         4  delay.o(.text.STIMTEST_IntCallBack)
    [Anonymous Symbol]                       0x00001918   Section        0  z20k11xm_stim.o(.text.STIM_DriverIRQHandler)
    [Anonymous Symbol]                       0x00001920   Section        0  z20k11xm_stim.o(.text.STIM_Enable)
    [Anonymous Symbol]                       0x00001938   Section        0  z20k11xm_stim.o(.text.STIM_Init)
    __arm_cp.3_1                             0x00001a00   Number         4  z20k11xm_stim.o(.text.STIM_Init)
    [Anonymous Symbol]                       0x00001a04   Section        0  z20k11xm_stim.o(.text.STIM_InstallCallBackFunc)
    [Anonymous Symbol]                       0x00001a20   Section        0  z20k11xm_stim.o(.text.STIM_IntCmd)
    STIM_IntHandler                          0x00001a45   Thumb Code   140  z20k11xm_stim.o(.text.STIM_IntHandler)
    [Anonymous Symbol]                       0x00001a44   Section        0  z20k11xm_stim.o(.text.STIM_IntHandler)
    __arm_cp.1_0                             0x00001ad0   Number         4  z20k11xm_stim.o(.text.STIM_IntHandler)
    __arm_cp.1_1                             0x00001ad4   Number         4  z20k11xm_stim.o(.text.STIM_IntHandler)
    [Anonymous Symbol]                       0x00001ad8   Section        0  z20k11xm_sysctrl.o(.text.SYSCTRL_EnableModule)
    __arm_cp.3_0                             0x00001d6c   Number         4  z20k11xm_sysctrl.o(.text.SYSCTRL_EnableModule)
    __arm_cp.3_1                             0x00001d70   Number         4  z20k11xm_sysctrl.o(.text.SYSCTRL_EnableModule)
    [Anonymous Symbol]                       0x00001d74   Section        0  z20k11xm_sysctrl.o(.text.SYSCTRL_ResetModule)
    __arm_cp.2_0                             0x00001fd4   Number         4  z20k11xm_sysctrl.o(.text.SYSCTRL_ResetModule)
    [Anonymous Symbol]                       0x00001fd8   Section        0  z20k11xm_tim.o(.text.TIM0_DriverIRQHandler)
    [Anonymous Symbol]                       0x00001fe2   Section        0  z20k11xm_tim.o(.text.TIM1_DriverIRQHandler)
    [Anonymous Symbol]                       0x00001fec   Section        0  z20k11xm_tim.o(.text.TIM2_DriverIRQHandler)
    [Anonymous Symbol]                       0x00001ff8   Section        0  z20k11xm_tim.o(.text.TIM_CNTINTUpdateModeSelect)
    [Anonymous Symbol]                       0x00002020   Section        0  z20k11xm_tim.o(.text.TIM_ChannelOutputEnable)
    [Anonymous Symbol]                       0x000020cc   Section        0  z20k11xm_tim.o(.text.TIM_ChannleMatchReloadCmd)
    [Anonymous Symbol]                       0x000021b4   Section        0  z20k11xm_tim.o(.text.TIM_CountingModeConfig)
    [Anonymous Symbol]                       0x000021dc   Section        0  z20k11xm_tim.o(.text.TIM_GetCCVal)
    __arm_cp.16_0                            0x000021fc   Number         4  z20k11xm_tim.o(.text.TIM_GetCCVal)
    [Anonymous Symbol]                       0x00002200   Section        0  z20k11xm_tim.o(.text.TIM_InstallCallBackFunc)
    TIM_IntHandler                           0x00002221   Thumb Code   512  z20k11xm_tim.o(.text.TIM_IntHandler)
    [Anonymous Symbol]                       0x00002220   Section        0  z20k11xm_tim.o(.text.TIM_IntHandler)
    __arm_cp.1_0                             0x00002420   Number         4  z20k11xm_tim.o(.text.TIM_IntHandler)
    __arm_cp.1_1                             0x00002424   Number         4  z20k11xm_tim.o(.text.TIM_IntHandler)
    __arm_cp.1_2                             0x00002428   Number         4  z20k11xm_tim.o(.text.TIM_IntHandler)
    __arm_cp.1_3                             0x0000242c   Number         4  z20k11xm_tim.o(.text.TIM_IntHandler)
    [Anonymous Symbol]                       0x00002430   Section        0  z20k11xm_tim.o(.text.TIM_IntMask)
    [Anonymous Symbol]                       0x00002638   Section        0  z20k11xm_tim.o(.text.TIM_OSWCUpdateModeSelect)
    [Anonymous Symbol]                       0x00002660   Section        0  z20k11xm_tim.o(.text.TIM_OutputEdgeAlignedPwmConfig)
    __arm_cp.43_0                            0x00002794   Number         4  z20k11xm_tim.o(.text.TIM_OutputEdgeAlignedPwmConfig)
    [Anonymous Symbol]                       0x00002798   Section        0  z20k11xm_tim.o(.text.TIM_ReloadParamConfig)
    [Anonymous Symbol]                       0x000028e0   Section        0  z20k11xm_tim.o(.text.TIM_ReloadSyncCmd)
    [Anonymous Symbol]                       0x00002918   Section        0  z20k11xm_tim.o(.text.TIM_SWTriggerSyncCmd)
    [Anonymous Symbol]                       0x00002964   Section        0  z20k11xm_tim.o(.text.TIM_SetCCVal)
    __arm_cp.15_1                            0x00002990   Number         4  z20k11xm_tim.o(.text.TIM_SetCCVal)
    TIM_SetCombineCmd                        0x00002995   Thumb Code   144  z20k11xm_tim.o(.text.TIM_SetCombineCmd)
    [Anonymous Symbol]                       0x00002994   Section        0  z20k11xm_tim.o(.text.TIM_SetCombineCmd)
    __arm_cp.28_0                            0x00002a24   Number         4  z20k11xm_tim.o(.text.TIM_SetCombineCmd)
    TIM_SetDualEdgeCaptureCmd                0x00002a29   Thumb Code   144  z20k11xm_tim.o(.text.TIM_SetDualEdgeCaptureCmd)
    [Anonymous Symbol]                       0x00002a28   Section        0  z20k11xm_tim.o(.text.TIM_SetDualEdgeCaptureCmd)
    TIM_SetFaultCtrlCmd                      0x00002ab9   Thumb Code   144  z20k11xm_tim.o(.text.TIM_SetFaultCtrlCmd)
    [Anonymous Symbol]                       0x00002ab8   Section        0  z20k11xm_tim.o(.text.TIM_SetFaultCtrlCmd)
    __arm_cp.35_0                            0x00002b48   Number         4  z20k11xm_tim.o(.text.TIM_SetFaultCtrlCmd)
    TIM_SetOutputPolarity                    0x00002b4d   Thumb Code   252  z20k11xm_tim.o(.text.TIM_SetOutputPolarity)
    [Anonymous Symbol]                       0x00002b4c   Section        0  z20k11xm_tim.o(.text.TIM_SetOutputPolarity)
    __arm_cp.33_0                            0x00002c48   Number         4  z20k11xm_tim.o(.text.TIM_SetOutputPolarity)
    TIM_SetSyncPairCCVCmd                    0x00002c4d   Thumb Code   144  z20k11xm_tim.o(.text.TIM_SetSyncPairCCVCmd)
    [Anonymous Symbol]                       0x00002c4c   Section        0  z20k11xm_tim.o(.text.TIM_SetSyncPairCCVCmd)
    __arm_cp.42_0                            0x00002cdc   Number         4  z20k11xm_tim.o(.text.TIM_SetSyncPairCCVCmd)
    [Anonymous Symbol]                       0x00002ce0   Section        0  z20k11xm_tim.o(.text.TIM_StartCounter)
    __arm_cp.7_0                             0x00002d18   Number         4  z20k11xm_tim.o(.text.TIM_StartCounter)
    [Anonymous Symbol]                       0x00002d1c   Section        0  z20k11xm_tim.o(.text.TIM_SyncConfig)
    [Anonymous Symbol]                       0x00002d5c   Section        0  z20k11xm_uart.o(.text.UART0_DriverIRQHandler)
    [Anonymous Symbol]                       0x00002d66   Section        0  z20k11xm_uart.o(.text.UART1_DriverIRQHandler)
    [Anonymous Symbol]                       0x00002d70   Section        0  z20k11xm_uart.o(.text.UART2_DriverIRQHandler)
    [Anonymous Symbol]                       0x00002d7a   Section        0  z20k11xm_uart.o(.text.UART3_DriverIRQHandler)
    [Anonymous Symbol]                       0x00002d84   Section        0  z20k11xm_uart.o(.text.UART_GetBusyStatus)
    [Anonymous Symbol]                       0x00002da0   Section        0  z20k11xm_uart.o(.text.UART_GetLineStatus)
    __arm_cp.12_0                            0x00002dcc   Number         4  z20k11xm_uart.o(.text.UART_GetLineStatus)
    __arm_cp.12_1                            0x00002dd0   Number         4  z20k11xm_uart.o(.text.UART_GetLineStatus)
    [Anonymous Symbol]                       0x00002dd4   Section        0  z20k11xm_uart.o(.text.UART_Init)
    __arm_cp.3_0                             0x00002f44   Number         4  z20k11xm_uart.o(.text.UART_Init)
    [Anonymous Symbol]                       0x00002f48   Section        0  z20k11xm_uart.o(.text.UART_InstallCallBackFunc)
    UART_IntHandler                          0x00002f65   Thumb Code   628  z20k11xm_uart.o(.text.UART_IntHandler)
    [Anonymous Symbol]                       0x00002f64   Section        0  z20k11xm_uart.o(.text.UART_IntHandler)
    __arm_cp.41_0                            0x000031d8   Number         4  z20k11xm_uart.o(.text.UART_IntHandler)
    __arm_cp.41_2                            0x000031dc   Number         4  z20k11xm_uart.o(.text.UART_IntHandler)
    __arm_cp.41_3                            0x000031e0   Number         4  z20k11xm_uart.o(.text.UART_IntHandler)
    [Anonymous Symbol]                       0x000031e4   Section        0  z20k11xm_uart.o(.text.UART_IntMask)
    __arm_cp.39_1                            0x00003228   Number         4  z20k11xm_uart.o(.text.UART_IntMask)
    [Anonymous Symbol]                       0x0000322c   Section        0  z20k11xm_uart.o(.text.UART_ReceiveByte)
    __arm_cp.9_0                             0x00003244   Number         4  z20k11xm_uart.o(.text.UART_ReceiveByte)
    [Anonymous Symbol]                       0x00003248   Section        0  z20k11xm_uart.o(.text.UART_SendByte)
    __arm_cp.18_0                            0x00003264   Number         4  z20k11xm_uart.o(.text.UART_SendByte)
    [Anonymous Symbol]                       0x00003268   Section        0  z20k11xm_uart.o(.text.UART_WaitBusyClear)
    [Anonymous Symbol]                       0x000032a4   Section        0  z20k11xm_wdog.o(.text.WDOG_Disable)
    [Anonymous Symbol]                       0x000032c4   Section        0  z20k11xm_wdog.o(.text.WDOG_DriverIRQHandler)
    __arm_cp.27_1                            0x000032f4   Number         4  z20k11xm_wdog.o(.text.WDOG_DriverIRQHandler)
    __arm_cp.27_2                            0x000032f8   Number         4  z20k11xm_wdog.o(.text.WDOG_DriverIRQHandler)
    WDOG_UNLOCK_CONFIG                       0x000032fd   Thumb Code    30  z20k11xm_wdog.o(.text.WDOG_UNLOCK_CONFIG)
    [Anonymous Symbol]                       0x000032fc   Section        0  z20k11xm_wdog.o(.text.WDOG_UNLOCK_CONFIG)
    WDOG_WaitConfigCompleted                 0x00003329   Thumb Code    60  z20k11xm_wdog.o(.text.WDOG_WaitConfigCompleted)
    [Anonymous Symbol]                       0x00003328   Section        0  z20k11xm_wdog.o(.text.WDOG_WaitConfigCompleted)
    __arm_cp.2_0                             0x00003364   Number         4  z20k11xm_wdog.o(.text.WDOG_WaitConfigCompleted)
    __NVIC_EnableIRQ                         0x00003369   Thumb Code    32  uart.o(.text.__NVIC_EnableIRQ)
    [Anonymous Symbol]                       0x00003368   Section        0  uart.o(.text.__NVIC_EnableIRQ)
    __NVIC_EnableIRQ                         0x00003389   Thumb Code    32  delay.o(.text.__NVIC_EnableIRQ)
    [Anonymous Symbol]                       0x00003388   Section        0  delay.o(.text.__NVIC_EnableIRQ)
    __NVIC_EnableIRQ                         0x000033a9   Thumb Code    32  drv10970.o(.text.__NVIC_EnableIRQ)
    [Anonymous Symbol]                       0x000033a8   Section        0  drv10970.o(.text.__NVIC_EnableIRQ)
    __arm_cp.6_0                             0x000033c8   Number         4  drv10970.o(.text.__NVIC_EnableIRQ)
    [Anonymous Symbol]                       0x000033cc   Section        0  delay.o(.text.delay_init)
    __arm_cp.0_0                             0x0000340c   Number         4  delay.o(.text.delay_init)
    __arm_cp.0_1                             0x00003410   Number         4  delay.o(.text.delay_init)
    [Anonymous Symbol]                       0x00003414   Section        0  drv10970.o(.text.drv10970_init)
    fg_get_speed2                            0x00003425   Thumb Code    64  drv10970.o(.text.fg_get_speed2)
    [Anonymous Symbol]                       0x00003424   Section        0  drv10970.o(.text.fg_get_speed2)
    fg_get_spped1                            0x00003465   Thumb Code    64  drv10970.o(.text.fg_get_spped1)
    [Anonymous Symbol]                       0x00003464   Section        0  drv10970.o(.text.fg_get_spped1)
    __arm_cp.7_0                             0x000034a4   Number         4  drv10970.o(.text.fg_get_spped1)
    __arm_cp.7_1                             0x000034a8   Number         4  drv10970.o(.text.fg_get_spped1)
    [Anonymous Symbol]                       0x000034ac   Section        0  drv10970.o(.text.fr_control_dir)
    [Anonymous Symbol]                       0x00003510   Section        0  enconder.o(.text.get_IC1_cnt)
    [Anonymous Symbol]                       0x00003540   Section        0  enconder.o(.text.get_IC2_cnt)
    __arm_cp.6_0                             0x00003570   Number         4  enconder.o(.text.get_IC2_cnt)
    __arm_cp.6_1                             0x00003574   Number         4  enconder.o(.text.get_IC2_cnt)
    [Anonymous Symbol]                       0x00003578   Section        0  led.o(.text.led_init)
    [Anonymous Symbol]                       0x00003638   Section        0  main.o(.text.main)
    __arm_cp.0_0                             0x0000381c   Number         4  main.o(.text.main)
    __arm_cp.0_1                             0x00003820   Number         4  main.o(.text.main)
    __arm_cp.0_2                             0x00003824   Number         4  main.o(.text.main)
    __arm_cp.0_3                             0x00003828   Number         4  main.o(.text.main)
    __arm_cp.0_4                             0x0000382c   Number         4  main.o(.text.main)
    __arm_cp.0_5                             0x00003830   Number         4  main.o(.text.main)
    [Anonymous Symbol]                       0x00003834   Section        0  pwm.o(.text.pwm1_init)
    __arm_cp.0_0                             0x00003918   Number         4  pwm.o(.text.pwm1_init)
    tim2_ch2_cbf                             0x0000391d   Thumb Code    20  drv10970.o(.text.tim2_ch2_cbf)
    [Anonymous Symbol]                       0x0000391c   Section        0  drv10970.o(.text.tim2_ch2_cbf)
    __arm_cp.5_0                             0x00003930   Number         4  drv10970.o(.text.tim2_ch2_cbf)
    __arm_cp.5_1                             0x00003934   Number         4  drv10970.o(.text.tim2_ch2_cbf)
    tim2_ch2_init                            0x00003939   Thumb Code    88  drv10970.o(.text.tim2_ch2_init)
    [Anonymous Symbol]                       0x00003938   Section        0  drv10970.o(.text.tim2_ch2_init)
    __arm_cp.3_0                             0x00003990   Number         4  drv10970.o(.text.tim2_ch2_init)
    [Anonymous Symbol]                       0x00003994   Section        0  uart.o(.text.uart1_callBack)
    __arm_cp.1_0                             0x00003ae4   Number         4  uart.o(.text.uart1_callBack)
    __arm_cp.1_1                             0x00003ae8   Number         4  uart.o(.text.uart1_callBack)
    __arm_cp.1_2                             0x00003aec   Number         4  uart.o(.text.uart1_callBack)
    __arm_cp.1_3                             0x00003af0   Number         4  uart.o(.text.uart1_callBack)
    [Anonymous Symbol]                       0x00003af4   Section        0  uart.o(.text.uart1_init)
    __arm_cp.0_0                             0x00003b94   Number         4  uart.o(.text.uart1_init)
    __arm_cp.0_1                             0x00003b98   Number         4  uart.o(.text.uart1_init)
    __arm_cp.0_2                             0x00003b9c   Number         4  uart.o(.text.uart1_init)
    i.__ARM_clz                              0x00003ba0   Section        0  depilogue.o(i.__ARM_clz)
    i.__scatterload_copy                     0x00003bce   Section       14  handlers.o(i.__scatterload_copy)
    i.__scatterload_null                     0x00003bdc   Section        2  handlers.o(i.__scatterload_null)
    i.__scatterload_zeroinit                 0x00003bde   Section       14  handlers.o(i.__scatterload_zeroinit)
    [Anonymous Symbol]                       0x00003bec   Section        0  z20k11xm_tim.o(.rodata..L__const.TIM_IntHandler.timIntMaskTable)
    gpioRegWPtr                              0x00003c1c   Data          20  z20k11xm_gpio.o(.rodata.gpioRegWPtr)
    [Anonymous Symbol]                       0x00003c1c   Section        0  z20k11xm_gpio.o(.rodata.gpioRegWPtr)
    portRegPtr                               0x00003c30   Data          20  z20k11xm_gpio.o(.rodata.portRegPtr)
    [Anonymous Symbol]                       0x00003c30   Section        0  z20k11xm_gpio.o(.rodata.portRegPtr)
    portRegWPtr                              0x00003c44   Data          20  z20k11xm_gpio.o(.rodata.portRegWPtr)
    [Anonymous Symbol]                       0x00003c44   Section        0  z20k11xm_gpio.o(.rodata.portRegWPtr)
    timRegPtr                                0x00003c78   Data          12  z20k11xm_tim.o(.rodata.timRegPtr)
    [Anonymous Symbol]                       0x00003c78   Section        0  z20k11xm_tim.o(.rodata.timRegPtr)
    timRegWPtr                               0x00003c84   Data          12  z20k11xm_tim.o(.rodata.timRegWPtr)
    [Anonymous Symbol]                       0x00003c84   Section        0  z20k11xm_tim.o(.rodata.timRegWPtr)
    uartInterruptMaskTable                   0x00003c90   Data          36  z20k11xm_uart.o(.rodata.uartInterruptMaskTable)
    [Anonymous Symbol]                       0x00003c90   Section        0  z20k11xm_uart.o(.rodata.uartInterruptMaskTable)
    uartLineStatusTable                      0x00003cb4   Data          68  z20k11xm_uart.o(.rodata.uartLineStatusTable)
    [Anonymous Symbol]                       0x00003cb4   Section        0  z20k11xm_uart.o(.rodata.uartLineStatusTable)
    uartRegPtr                               0x00003cf8   Data          16  z20k11xm_uart.o(.rodata.uartRegPtr)
    [Anonymous Symbol]                       0x00003cf8   Section        0  z20k11xm_uart.o(.rodata.uartRegPtr)
    uartRegWPtr                              0x00003d08   Data          16  z20k11xm_uart.o(.rodata.uartRegWPtr)
    [Anonymous Symbol]                       0x00003d08   Section        0  z20k11xm_uart.o(.rodata.uartRegWPtr)
    wdogIntFlagMask                          0x00003d18   Data           8  z20k11xm_wdog.o(.rodata.wdogIntFlagMask)
    [Anonymous Symbol]                       0x00003d18   Section        0  z20k11xm_wdog.o(.rodata.wdogIntFlagMask)
    parccRegPtr                              0x20000000   Data         116  z20k11xm_clock.o(.data.parccRegPtr)
    [Anonymous Symbol]                       0x20000000   Section        0  z20k11xm_clock.o(.data.parccRegPtr)
    delay_cnt                                0x20000074   Data           4  delay.o(.bss.delay_cnt)
    [Anonymous Symbol]                       0x20000074   Section        0  delay.o(.bss.delay_cnt)
    motor1_speed                             0x20000078   Data           4  drv10970.o(.bss.motor1_speed)
    [Anonymous Symbol]                       0x20000078   Section        0  drv10970.o(.bss.motor1_speed)
    motor2_speed                             0x2000007c   Data           4  drv10970.o(.bss.motor2_speed)
    [Anonymous Symbol]                       0x2000007c   Section        0  drv10970.o(.bss.motor2_speed)
    portIsrCbFun                             0x20000084   Data           4  z20k11xm_gpio.o(.bss.portIsrCbFun)
    [Anonymous Symbol]                       0x20000084   Section        0  z20k11xm_gpio.o(.bss.portIsrCbFun)
    sccIsrCbFunc                             0x20000088   Data           8  z20k11xm_clock.o(.bss.sccIsrCbFunc)
    [Anonymous Symbol]                       0x20000088   Section        0  z20k11xm_clock.o(.bss.sccIsrCbFunc)
    stimIsrCb                                0x20000090   Data          16  z20k11xm_stim.o(.bss.stimIsrCb)
    [Anonymous Symbol]                       0x20000090   Section        0  z20k11xm_stim.o(.bss.stimIsrCb)
    timIsrCbFunc                             0x200000a0   Data         132  z20k11xm_tim.o(.bss.timIsrCbFunc)
    [Anonymous Symbol]                       0x200000a0   Section        0  z20k11xm_tim.o(.bss.timIsrCbFunc)
    uart1_callBack.data                      0x20000124   Data           3  uart.o(.bss.uart1_callBack.data)
    [Anonymous Symbol]                       0x20000124   Section        0  uart.o(.bss.uart1_callBack.data)
    uart1_callBack.i                         0x20000128   Data           2  uart.o(.bss.uart1_callBack.i)
    [Anonymous Symbol]                       0x20000128   Section        0  uart.o(.bss.uart1_callBack.i)
    uartIsrCb                                0x2000012c   Data         128  z20k11xm_uart.o(.bss.uartIsrCb)
    [Anonymous Symbol]                       0x2000012c   Section        0  z20k11xm_uart.o(.bss.uartIsrCb)
    uartLineStatusBuf                        0x200001ac   Data          16  z20k11xm_uart.o(.bss.uartLineStatusBuf)
    [Anonymous Symbol]                       0x200001ac   Section        0  z20k11xm_uart.o(.bss.uartLineStatusBuf)
    wdogIsrCb                                0x200001bc   Data           4  z20k11xm_wdog.o(.bss.wdogIsrCb)
    [Anonymous Symbol]                       0x200001bc   Section        0  z20k11xm_wdog.o(.bss.wdogIsrCb)

    Global Symbols

    Symbol Name                              Value     Ov Type        Size  Object(Section)

    BuildAttributes$$THM_ISAv3M$S$PE$A:L22$X:L11$S22$IEEE1$IW$~IW$USESV6$~STKCKD$USESV7$WCHAR32$ENUMINT$~SHL$OTIME$ROPI$IEEEX$EBA8$MICROLIB$REQ8$PRES8$EABIv2 0x00000000   Number         0  anon$$obj.o ABSOLUTE
    __vector_table                           0x00000000   Data           0  z20k118m_startup.o(.intvec)
    __cpp_initialize__aeabi_                  - Undefined Weak Reference
    __cxa_finalize                            - Undefined Weak Reference
    __decompress                              - Undefined Weak Reference
    _clock_init                               - Undefined Weak Reference
    _microlib_exit                            - Undefined Weak Reference
    __Vectors_End                            0x000000c0   Data           0  z20k118m_startup.o(.intvec)
    __Vectors_Size                           0x000000c0   Number         0  z20k118m_startup.o ABSOLUTE
    __main                                   0x000000c1   Thumb Code     0  entry.o(.ARM.Collect$$$$00000000)
    _main_stk                                0x000000c1   Thumb Code     0  entry4.o(.ARM.Collect$$$$00000003)
    _main_scatterload                        0x000000c5   Thumb Code     0  entry5.o(.ARM.Collect$$$$00000004)
    __main_after_scatterload                 0x000000c9   Thumb Code     0  entry5.o(.ARM.Collect$$$$00000004)
    _main_clock                              0x000000c9   Thumb Code     0  entry7b.o(.ARM.Collect$$$$00000008)
    _main_cpp_init                           0x000000c9   Thumb Code     0  entry8b.o(.ARM.Collect$$$$0000000A)
    _main_init                               0x000000c9   Thumb Code     0  entry9a.o(.ARM.Collect$$$$0000000B)
    __rt_final_cpp                           0x000000d1   Thumb Code     0  entry10a.o(.ARM.Collect$$$$0000000D)
    __rt_final_exit                          0x000000d1   Thumb Code     0  entry11a.o(.ARM.Collect$$$$0000000F)
    Reset_Handler                            0x000000dd   Thumb Code    48  z20k118m_startup.o(.text)
    NMI_Handler                              0x0000010d   Thumb Code     2  z20k118m_startup.o(.text)
    HardFault_Handler                        0x0000010f   Thumb Code     2  z20k118m_startup.o(.text)
    SVC_Handler                              0x00000111   Thumb Code     2  z20k118m_startup.o(.text)
    PendSV_Handler                           0x00000113   Thumb Code     2  z20k118m_startup.o(.text)
    SysTick_Handler                          0x00000115   Thumb Code     2  z20k118m_startup.o(.text)
    DMA0TO3_IRQHandler                       0x00000117   Thumb Code     4  z20k118m_startup.o(.text)
    DMA4TO7_IRQHandler                       0x0000011b   Thumb Code     4  z20k118m_startup.o(.text)
    DMA8TO11_IRQHandler                      0x0000011f   Thumb Code     4  z20k118m_startup.o(.text)
    DMA12TO15_IRQHandler                     0x00000123   Thumb Code     4  z20k118m_startup.o(.text)
    DMAERR_IRQHandler                        0x00000127   Thumb Code     4  z20k118m_startup.o(.text)
    I2C0_IRQHandler                          0x0000012b   Thumb Code     4  z20k118m_startup.o(.text)
    I2C1_IRQHandler                          0x0000012f   Thumb Code     4  z20k118m_startup.o(.text)
    SPI0_IRQHandler                          0x00000133   Thumb Code     4  z20k118m_startup.o(.text)
    SPI1_IRQHandler                          0x00000137   Thumb Code     4  z20k118m_startup.o(.text)
    SPI2_IRQHandler                          0x0000013b   Thumb Code     4  z20k118m_startup.o(.text)
    UART0_IRQHandler                         0x0000013f   Thumb Code     4  z20k118m_startup.o(.text)
    UART1_IRQHandler                         0x00000143   Thumb Code     4  z20k118m_startup.o(.text)
    UART2_IRQHandler                         0x00000147   Thumb Code     4  z20k118m_startup.o(.text)
    UART3_IRQHandler                         0x0000014b   Thumb Code     4  z20k118m_startup.o(.text)
    ADC0_IRQHandler                          0x0000014f   Thumb Code     4  z20k118m_startup.o(.text)
    FLASH_IRQHandler                         0x00000153   Thumb Code     4  z20k118m_startup.o(.text)
    CMP_IRQHandler                           0x00000157   Thumb Code     4  z20k118m_startup.o(.text)
    TIM0_IRQHandler                          0x0000015b   Thumb Code     4  z20k118m_startup.o(.text)
    TIM1_IRQHandler                          0x0000015f   Thumb Code     4  z20k118m_startup.o(.text)
    TIM2_IRQHandler                          0x00000163   Thumb Code     4  z20k118m_startup.o(.text)
    CAN0_IRQHandler                          0x00000167   Thumb Code     4  z20k118m_startup.o(.text)
    CAN1_IRQHandler                          0x0000016b   Thumb Code     4  z20k118m_startup.o(.text)
    RTC_IRQHandler                           0x0000016f   Thumb Code     4  z20k118m_startup.o(.text)
    PMU_IRQHandler                           0x00000173   Thumb Code     4  z20k118m_startup.o(.text)
    TDG0_IRQHandler                          0x00000177   Thumb Code     4  z20k118m_startup.o(.text)
    SCC_IRQHandler                           0x0000017b   Thumb Code     4  z20k118m_startup.o(.text)
    WDOG_IRQHandler                          0x0000017f   Thumb Code     4  z20k118m_startup.o(.text)
    EWDT_IRQHandler                          0x00000183   Thumb Code     4  z20k118m_startup.o(.text)
    STIM_IRQHandler                          0x00000187   Thumb Code     4  z20k118m_startup.o(.text)
    SRMC_IRQHandler                          0x0000018b   Thumb Code     4  z20k118m_startup.o(.text)
    ADC0_DriverIRQHandler                    0x00000197   Thumb Code     0  z20k118m_startup.o(.text)
    CAN0_DriverIRQHandler                    0x00000197   Thumb Code     0  z20k118m_startup.o(.text)
    CAN1_DriverIRQHandler                    0x00000197   Thumb Code     0  z20k118m_startup.o(.text)
    CMP_DriverIRQHandler                     0x00000197   Thumb Code     0  z20k118m_startup.o(.text)
    DMA0TO3_DriverIRQHandler                 0x00000197   Thumb Code     0  z20k118m_startup.o(.text)
    DMA12TO15_DriverIRQHandler               0x00000197   Thumb Code     0  z20k118m_startup.o(.text)
    DMA4TO7_DriverIRQHandler                 0x00000197   Thumb Code     0  z20k118m_startup.o(.text)
    DMA8TO11_DriverIRQHandler                0x00000197   Thumb Code     0  z20k118m_startup.o(.text)
    DMAERR_DriverIRQHandler                  0x00000197   Thumb Code     0  z20k118m_startup.o(.text)
    EWDT_DriverIRQHandler                    0x00000197   Thumb Code     0  z20k118m_startup.o(.text)
    FLASH_DriverIRQHandler                   0x00000197   Thumb Code     0  z20k118m_startup.o(.text)
    I2C0_DriverIRQHandler                    0x00000197   Thumb Code     0  z20k118m_startup.o(.text)
    I2C1_DriverIRQHandler                    0x00000197   Thumb Code     0  z20k118m_startup.o(.text)
    PMU_DriverIRQHandler                     0x00000197   Thumb Code     0  z20k118m_startup.o(.text)
    PORTABC_DriverIRQHandler                 0x00000197   Thumb Code     0  z20k118m_startup.o(.text)
    PORTDE_DriverIRQHandler                  0x00000197   Thumb Code     0  z20k118m_startup.o(.text)
    RTC_DriverIRQHandler                     0x00000197   Thumb Code     0  z20k118m_startup.o(.text)
    SPI0_DriverIRQHandler                    0x00000197   Thumb Code     0  z20k118m_startup.o(.text)
    SPI1_DriverIRQHandler                    0x00000197   Thumb Code     0  z20k118m_startup.o(.text)
    SPI2_DriverIRQHandler                    0x00000197   Thumb Code     0  z20k118m_startup.o(.text)
    SRMC_DriverIRQHandler                    0x00000197   Thumb Code     0  z20k118m_startup.o(.text)
    TDG0_DriverIRQHandler                    0x00000197   Thumb Code     0  z20k118m_startup.o(.text)
    __aeabi_fmul                             0x0000022d   Thumb Code   122  fmul.o(.text)
    __aeabi_dmul                             0x000002a9   Thumb Code   202  dmul.o(.text)
    __aeabi_ddiv                             0x00000379   Thumb Code   234  ddiv.o(.text)
    __aeabi_i2d                              0x00000469   Thumb Code    34  dflti.o(.text)
    __aeabi_f2iz                             0x00000491   Thumb Code    50  ffixi.o(.text)
    __aeabi_f2d                              0x000004c3   Thumb Code    40  f2d.o(.text)
    __aeabi_d2f                              0x000004eb   Thumb Code    56  d2f.o(.text)
    __aeabi_uidiv                            0x00000523   Thumb Code     0  uidiv_div0.o(.text)
    __aeabi_uidivmod                         0x00000523   Thumb Code    62  uidiv_div0.o(.text)
    __aeabi_llsl                             0x00000561   Thumb Code    32  llshl.o(.text)
    _ll_shift_l                              0x00000561   Thumb Code     0  llshl.o(.text)
    __aeabi_llsr                             0x00000581   Thumb Code    34  llushr.o(.text)
    _ll_ushift_r                             0x00000581   Thumb Code     0  llushr.o(.text)
    __I$use$fp                               0x000005a3   Thumb Code     0  iusefp.o(.text)
    _float_round                             0x000005a3   Thumb Code    16  fepilogue.o(.text)
    _float_epilogue                          0x000005b3   Thumb Code   114  fepilogue.o(.text)
    _double_round                            0x00000625   Thumb Code    26  depilogue.o(.text)
    _double_epilogue                         0x0000063f   Thumb Code   164  depilogue.o(.text)
    __scatterload                            0x000006e5   Thumb Code    28  init.o(.text)
    __scatterload_rt2                        0x000006e5   Thumb Code     0  init.o(.text)
    CLK_FIRC64MMonitorDisable                0x00000709   Thumb Code    44  z20k11xm_clock.o(.text.CLK_FIRC64MMonitorDisable)
    CLK_GetModuleClkFreq                     0x00000739   Thumb Code   832  z20k11xm_clock.o(.text.CLK_GetModuleClkFreq)
    CLK_GetSysClkSrc                         0x00000abd   Thumb Code    36  z20k11xm_clock.o(.text.CLK_GetSysClkSrc)
    CLK_ModuleSrc                            0x00000ae5   Thumb Code   756  z20k11xm_clock.o(.text.CLK_ModuleSrc)
    CLK_OSC40MEnable2                        0x00000ddd   Thumb Code   224  z20k11xm_clock.o(.text.CLK_OSC40MEnable2)
    CLK_OSC40MMonitorDisable                 0x00000ec1   Thumb Code    44  z20k11xm_clock.o(.text.CLK_OSC40MMonitorDisable)
    CLK_SetClkDivider                        0x00000ef1   Thumb Code   784  z20k11xm_clock.o(.text.CLK_SetClkDivider)
    CLK_SysClkSrc                            0x00001205   Thumb Code   180  z20k11xm_clock.o(.text.CLK_SysClkSrc)
    CLK_WaitClkReady                         0x000012bd   Thumb Code   228  z20k11xm_clock.o(.text.CLK_WaitClkReady)
    GPIO_SetPinDir                           0x00001475   Thumb Code    60  z20k11xm_gpio.o(.text.GPIO_SetPinDir)
    GPIO_WritePinOutput                      0x000014b1   Thumb Code    60  z20k11xm_gpio.o(.text.GPIO_WritePinOutput)
    PORTABC_IRQHandler                       0x000014f1   Thumb Code   112  z20k11xm_gpio.o(.text.PORTABC_IRQHandler)
    PORTDE_IRQHandler                        0x0000156d   Thumb Code    76  z20k11xm_gpio.o(.text.PORTDE_IRQHandler)
    PORT_PinInit                             0x00001671   Thumb Code   292  z20k11xm_gpio.o(.text.PORT_PinInit)
    PORT_PinmuxConfig                        0x00001795   Thumb Code   112  z20k11xm_gpio.o(.text.PORT_PinmuxConfig)
    PWM_Confic                               0x0000180d   Thumb Code    68  main.o(.text.PWM_Confic)
    SCC_DriverIRQHandler                     0x00001855   Thumb Code   168  z20k11xm_clock.o(.text.SCC_DriverIRQHandler)
    STIM_DriverIRQHandler                    0x00001919   Thumb Code     8  z20k11xm_stim.o(.text.STIM_DriverIRQHandler)
    STIM_Enable                              0x00001921   Thumb Code    24  z20k11xm_stim.o(.text.STIM_Enable)
    STIM_Init                                0x00001939   Thumb Code   200  z20k11xm_stim.o(.text.STIM_Init)
    STIM_InstallCallBackFunc                 0x00001a05   Thumb Code    28  z20k11xm_stim.o(.text.STIM_InstallCallBackFunc)
    STIM_IntCmd                              0x00001a21   Thumb Code    36  z20k11xm_stim.o(.text.STIM_IntCmd)
    SYSCTRL_EnableModule                     0x00001ad9   Thumb Code   660  z20k11xm_sysctrl.o(.text.SYSCTRL_EnableModule)
    SYSCTRL_ResetModule                      0x00001d75   Thumb Code   608  z20k11xm_sysctrl.o(.text.SYSCTRL_ResetModule)
    TIM0_DriverIRQHandler                    0x00001fd9   Thumb Code    10  z20k11xm_tim.o(.text.TIM0_DriverIRQHandler)
    TIM1_DriverIRQHandler                    0x00001fe3   Thumb Code    10  z20k11xm_tim.o(.text.TIM1_DriverIRQHandler)
    TIM2_DriverIRQHandler                    0x00001fed   Thumb Code    10  z20k11xm_tim.o(.text.TIM2_DriverIRQHandler)
    TIM_CNTINTUpdateModeSelect               0x00001ff9   Thumb Code    40  z20k11xm_tim.o(.text.TIM_CNTINTUpdateModeSelect)
    TIM_ChannelOutputEnable                  0x00002021   Thumb Code   172  z20k11xm_tim.o(.text.TIM_ChannelOutputEnable)
    TIM_ChannleMatchReloadCmd                0x000020cd   Thumb Code   232  z20k11xm_tim.o(.text.TIM_ChannleMatchReloadCmd)
    TIM_CountingModeConfig                   0x000021b5   Thumb Code    40  z20k11xm_tim.o(.text.TIM_CountingModeConfig)
    TIM_GetCCVal                             0x000021dd   Thumb Code    32  z20k11xm_tim.o(.text.TIM_GetCCVal)
    TIM_InstallCallBackFunc                  0x00002201   Thumb Code    32  z20k11xm_tim.o(.text.TIM_InstallCallBackFunc)
    TIM_IntMask                              0x00002431   Thumb Code   520  z20k11xm_tim.o(.text.TIM_IntMask)
    TIM_OSWCUpdateModeSelect                 0x00002639   Thumb Code    40  z20k11xm_tim.o(.text.TIM_OSWCUpdateModeSelect)
    TIM_OutputEdgeAlignedPwmConfig           0x00002661   Thumb Code   308  z20k11xm_tim.o(.text.TIM_OutputEdgeAlignedPwmConfig)
    TIM_ReloadParamConfig                    0x00002799   Thumb Code   328  z20k11xm_tim.o(.text.TIM_ReloadParamConfig)
    TIM_ReloadSyncCmd                        0x000028e1   Thumb Code    56  z20k11xm_tim.o(.text.TIM_ReloadSyncCmd)
    TIM_SWTriggerSyncCmd                     0x00002919   Thumb Code    76  z20k11xm_tim.o(.text.TIM_SWTriggerSyncCmd)
    TIM_SetCCVal                             0x00002965   Thumb Code    44  z20k11xm_tim.o(.text.TIM_SetCCVal)
    TIM_StartCounter                         0x00002ce1   Thumb Code    56  z20k11xm_tim.o(.text.TIM_StartCounter)
    TIM_SyncConfig                           0x00002d1d   Thumb Code    64  z20k11xm_tim.o(.text.TIM_SyncConfig)
    UART0_DriverIRQHandler                   0x00002d5d   Thumb Code    10  z20k11xm_uart.o(.text.UART0_DriverIRQHandler)
    UART1_DriverIRQHandler                   0x00002d67   Thumb Code    10  z20k11xm_uart.o(.text.UART1_DriverIRQHandler)
    UART2_DriverIRQHandler                   0x00002d71   Thumb Code    10  z20k11xm_uart.o(.text.UART2_DriverIRQHandler)
    UART3_DriverIRQHandler                   0x00002d7b   Thumb Code    10  z20k11xm_uart.o(.text.UART3_DriverIRQHandler)
    UART_GetBusyStatus                       0x00002d85   Thumb Code    28  z20k11xm_uart.o(.text.UART_GetBusyStatus)
    UART_GetLineStatus                       0x00002da1   Thumb Code    44  z20k11xm_uart.o(.text.UART_GetLineStatus)
    UART_Init                                0x00002dd5   Thumb Code   368  z20k11xm_uart.o(.text.UART_Init)
    UART_InstallCallBackFunc                 0x00002f49   Thumb Code    28  z20k11xm_uart.o(.text.UART_InstallCallBackFunc)
    UART_IntMask                             0x000031e5   Thumb Code    68  z20k11xm_uart.o(.text.UART_IntMask)
    UART_ReceiveByte                         0x0000322d   Thumb Code    24  z20k11xm_uart.o(.text.UART_ReceiveByte)
    UART_SendByte                            0x00003249   Thumb Code    28  z20k11xm_uart.o(.text.UART_SendByte)
    UART_WaitBusyClear                       0x00003269   Thumb Code    60  z20k11xm_uart.o(.text.UART_WaitBusyClear)
    WDOG_Disable                             0x000032a5   Thumb Code    32  z20k11xm_wdog.o(.text.WDOG_Disable)
    WDOG_DriverIRQHandler                    0x000032c5   Thumb Code    48  z20k11xm_wdog.o(.text.WDOG_DriverIRQHandler)
    delay_init                               0x000033cd   Thumb Code    64  delay.o(.text.delay_init)
    drv10970_init                            0x00003415   Thumb Code    16  drv10970.o(.text.drv10970_init)
    fr_control_dir                           0x000034ad   Thumb Code   100  drv10970.o(.text.fr_control_dir)
    get_IC1_cnt                              0x00003511   Thumb Code    48  enconder.o(.text.get_IC1_cnt)
    get_IC2_cnt                              0x00003541   Thumb Code    48  enconder.o(.text.get_IC2_cnt)
    led_init                                 0x00003579   Thumb Code   190  led.o(.text.led_init)
    main                                     0x00003639   Thumb Code   484  main.o(.text.main)
    pwm1_init                                0x00003835   Thumb Code   228  pwm.o(.text.pwm1_init)
    uart1_callBack                           0x00003995   Thumb Code   336  uart.o(.text.uart1_callBack)
    uart1_init                               0x00003af5   Thumb Code   160  uart.o(.text.uart1_init)
    __ARM_clz                                0x00003ba1   Thumb Code    46  depilogue.o(i.__ARM_clz)
    __scatterload_copy                       0x00003bcf   Thumb Code    14  handlers.o(i.__scatterload_copy)
    __scatterload_null                       0x00003bdd   Thumb Code     2  handlers.o(i.__scatterload_null)
    __scatterload_zeroinit                   0x00003bdf   Thumb Code    14  handlers.o(i.__scatterload_zeroinit)
    stimConfig                               0x00003c58   Data          32  delay.o(.rodata.stimConfig)
    Region$$Table$$Base                      0x00003d20   Number         0  anon$$obj.o(Region$$Table)
    Region$$Table$$Limit                     0x00003d40   Number         0  anon$$obj.o(Region$$Table)
    Image$$RAM_START$$Base                   0x1fffc000   Number         0  anon$$obj.o ABSOLUTE
    p_flag                                   0x20000080   Data           1  uart.o(.bss.p_flag)
    pack                                     0x20000081   Data           3  uart.o(.bss.pack)
    Image$$ARM_LIB_STACK$$ZI$$Limit          0x20004000   Number         0  anon$$obj.o ABSOLUTE



==============================================================================

Memory Map of the image

  Image Entry point : 0x000000dd

  Load Region LR_IROM1 (Base: 0x00000000, Size: 0x00003db4, Max: 0x00040000, ABSOLUTE)

    Execution Region ER_IROM1 (Exec base: 0x00000000, Load base: 0x00000000, Size: 0x00003d40, Max: 0x00040000, ABSOLUTE)

    Exec Addr    Load Addr    Size         Type   Attr      Idx    E Section Name        Object

    0x00000000   0x00000000   0x000000c0   Data   RO            4    .intvec             z20k118m_startup.o
    0x000000c0   0x000000c0   0x00000000   Code   RO          687  * .ARM.Collect$$$$00000000  mc_p.l(entry.o)
    0x000000c0   0x000000c0   0x00000004   Code   RO          743    .ARM.Collect$$$$00000003  mc_p.l(entry4.o)
    0x000000c4   0x000000c4   0x00000004   Code   RO          746    .ARM.Collect$$$$00000004  mc_p.l(entry5.o)
    0x000000c8   0x000000c8   0x00000000   Code   RO          748    .ARM.Collect$$$$00000008  mc_p.l(entry7b.o)
    0x000000c8   0x000000c8   0x00000000   Code   RO          750    .ARM.Collect$$$$0000000A  mc_p.l(entry8b.o)
    0x000000c8   0x000000c8   0x00000008   Code   RO          751    .ARM.Collect$$$$0000000B  mc_p.l(entry9a.o)
    0x000000d0   0x000000d0   0x00000000   Code   RO          753    .ARM.Collect$$$$0000000D  mc_p.l(entry10a.o)
    0x000000d0   0x000000d0   0x00000000   Code   RO          755    .ARM.Collect$$$$0000000F  mc_p.l(entry11a.o)
    0x000000d0   0x000000d0   0x00000004   Code   RO          744    .ARM.Collect$$$$00002714  mc_p.l(entry4.o)
    0x000000d4   0x000000d4   0x00000158   Code   RO            3  * .text               z20k118m_startup.o
    0x0000022c   0x0000022c   0x0000007a   Code   RO          698    .text               mf_p.l(fmul.o)
    0x000002a6   0x000002a6   0x00000002   PAD
    0x000002a8   0x000002a8   0x000000d0   Code   RO          702    .text               mf_p.l(dmul.o)
    0x00000378   0x00000378   0x000000f0   Code   RO          704    .text               mf_p.l(ddiv.o)
    0x00000468   0x00000468   0x00000028   Code   RO          706    .text               mf_p.l(dflti.o)
    0x00000490   0x00000490   0x00000032   Code   RO          710    .text               mf_p.l(ffixi.o)
    0x000004c2   0x000004c2   0x00000028   Code   RO          716    .text               mf_p.l(f2d.o)
    0x000004ea   0x000004ea   0x00000038   Code   RO          718    .text               mf_p.l(d2f.o)
    0x00000522   0x00000522   0x0000003e   Code   RO          759    .text               mc_p.l(uidiv_div0.o)
    0x00000560   0x00000560   0x00000020   Code   RO          765    .text               mc_p.l(llshl.o)
    0x00000580   0x00000580   0x00000022   Code   RO          767    .text               mc_p.l(llushr.o)
    0x000005a2   0x000005a2   0x00000000   Code   RO          778    .text               mc_p.l(iusefp.o)
    0x000005a2   0x000005a2   0x00000082   Code   RO          779    .text               mf_p.l(fepilogue.o)
    0x00000624   0x00000624   0x000000be   Code   RO          781    .text               mf_p.l(depilogue.o)
    0x000006e2   0x000006e2   0x00000002   PAD
    0x000006e4   0x000006e4   0x00000024   Code   RO          789    .text               mc_p.l(init.o)
    0x00000708   0x00000708   0x00000030   Code   RO          257    .text.CLK_FIRC64MMonitorDisable  z20k11xm_clock.o
    0x00000738   0x00000738   0x00000344   Code   RO          271    .text.CLK_GetModuleClkFreq  z20k11xm_clock.o
    0x00000a7c   0x00000a7c   0x00000040   Code   RO          273    .text.CLK_GetSysClkFreq  z20k11xm_clock.o
    0x00000abc   0x00000abc   0x00000028   Code   RO          237    .text.CLK_GetSysClkSrc  z20k11xm_clock.o
    0x00000ae4   0x00000ae4   0x000002f8   Code   RO          269    .text.CLK_ModuleSrc  z20k11xm_clock.o
    0x00000ddc   0x00000ddc   0x000000e4   Code   RO          243    .text.CLK_OSC40MEnable2  z20k11xm_clock.o
    0x00000ec0   0x00000ec0   0x00000030   Code   RO          253    .text.CLK_OSC40MMonitorDisable  z20k11xm_clock.o
    0x00000ef0   0x00000ef0   0x00000314   Code   RO          267    .text.CLK_SetClkDivider  z20k11xm_clock.o
    0x00001204   0x00001204   0x000000b8   Code   RO          245    .text.CLK_SysClkSrc  z20k11xm_clock.o
    0x000012bc   0x000012bc   0x000000f8   Code   RO          241    .text.CLK_WaitClkReady  z20k11xm_clock.o
    0x000013b4   0x000013b4   0x00000040   Code   RO          239    .text.CLK_WaitOSC40MSwitchReady  z20k11xm_clock.o
    0x000013f4   0x000013f4   0x00000080   Code   RO           89    .text.FR_init       drv10970.o
    0x00001474   0x00001474   0x0000003c   Code   RO          172    .text.GPIO_SetPinDir  z20k11xm_gpio.o
    0x000014b0   0x000014b0   0x00000040   Code   RO          176    .text.GPIO_WritePinOutput  z20k11xm_gpio.o
    0x000014f0   0x000014f0   0x0000007c   Code   RO          134    .text.PORTABC_IRQHandler  z20k11xm_gpio.o
    0x0000156c   0x0000156c   0x00000054   Code   RO          138    .text.PORTDE_IRQHandler  z20k11xm_gpio.o
    0x000015c0   0x000015c0   0x000000b0   Code   RO          136    .text.PORT_IntHandler  z20k11xm_gpio.o
    0x00001670   0x00001670   0x00000124   Code   RO          142    .text.PORT_PinInit  z20k11xm_gpio.o
    0x00001794   0x00001794   0x00000078   Code   RO          144    .text.PORT_PinmuxConfig  z20k11xm_gpio.o
    0x0000180c   0x0000180c   0x00000048   Code   RO           13    .text.PWM_Confic    main.o
    0x00001854   0x00001854   0x000000b4   Code   RO          287    .text.SCC_DriverIRQHandler  z20k11xm_clock.o
    0x00001908   0x00001908   0x00000010   Code   RO           70    .text.STIMTEST_IntCallBack  delay.o
    0x00001918   0x00001918   0x00000008   Code   RO          651    .text.STIM_DriverIRQHandler  z20k11xm_stim.o
    0x00001920   0x00001920   0x00000018   Code   RO          663    .text.STIM_Enable   z20k11xm_stim.o
    0x00001938   0x00001938   0x000000cc   Code   RO          657    .text.STIM_Init     z20k11xm_stim.o
    0x00001a04   0x00001a04   0x0000001c   Code   RO          655    .text.STIM_InstallCallBackFunc  z20k11xm_stim.o
    0x00001a20   0x00001a20   0x00000024   Code   RO          667    .text.STIM_IntCmd   z20k11xm_stim.o
    0x00001a44   0x00001a44   0x00000094   Code   RO          653    .text.STIM_IntHandler  z20k11xm_stim.o
    0x00001ad8   0x00001ad8   0x0000029c   Code   RO          559    .text.SYSCTRL_EnableModule  z20k11xm_sysctrl.o
    0x00001d74   0x00001d74   0x00000264   Code   RO          557    .text.SYSCTRL_ResetModule  z20k11xm_sysctrl.o
    0x00001fd8   0x00001fd8   0x0000000a   Code   RO          298    .text.TIM0_DriverIRQHandler  z20k11xm_tim.o
    0x00001fe2   0x00001fe2   0x0000000a   Code   RO          302    .text.TIM1_DriverIRQHandler  z20k11xm_tim.o
    0x00001fec   0x00001fec   0x0000000a   Code   RO          304    .text.TIM2_DriverIRQHandler  z20k11xm_tim.o
    0x00001ff6   0x00001ff6   0x00000002   PAD
    0x00001ff8   0x00001ff8   0x00000028   Code   RO          400    .text.TIM_CNTINTUpdateModeSelect  z20k11xm_tim.o
    0x00002020   0x00002020   0x000000ac   Code   RO          370    .text.TIM_ChannelOutputEnable  z20k11xm_tim.o
    0x000020cc   0x000020cc   0x000000e8   Code   RO          408    .text.TIM_ChannleMatchReloadCmd  z20k11xm_tim.o
    0x000021b4   0x000021b4   0x00000028   Code   RO          348    .text.TIM_CountingModeConfig  z20k11xm_tim.o
    0x000021dc   0x000021dc   0x00000024   Code   RO          330    .text.TIM_GetCCVal  z20k11xm_tim.o
    0x00002200   0x00002200   0x00000020   Code   RO          426    .text.TIM_InstallCallBackFunc  z20k11xm_tim.o
    0x00002220   0x00002220   0x00000210   Code   RO          300    .text.TIM_IntHandler  z20k11xm_tim.o
    0x00002430   0x00002430   0x00000208   Code   RO          414    .text.TIM_IntMask   z20k11xm_tim.o
    0x00002638   0x00002638   0x00000028   Code   RO          402    .text.TIM_OSWCUpdateModeSelect  z20k11xm_tim.o
    0x00002660   0x00002660   0x00000138   Code   RO          384    .text.TIM_OutputEdgeAlignedPwmConfig  z20k11xm_tim.o
    0x00002798   0x00002798   0x00000148   Code   RO          406    .text.TIM_ReloadParamConfig  z20k11xm_tim.o
    0x000028e0   0x000028e0   0x00000038   Code   RO          396    .text.TIM_ReloadSyncCmd  z20k11xm_tim.o
    0x00002918   0x00002918   0x0000004c   Code   RO          394    .text.TIM_SWTriggerSyncCmd  z20k11xm_tim.o
    0x00002964   0x00002964   0x00000030   Code   RO          328    .text.TIM_SetCCVal  z20k11xm_tim.o
    0x00002994   0x00002994   0x00000094   Code   RO          354    .text.TIM_SetCombineCmd  z20k11xm_tim.o
    0x00002a28   0x00002a28   0x00000090   Code   RO          346    .text.TIM_SetDualEdgeCaptureCmd  z20k11xm_tim.o
    0x00002ab8   0x00002ab8   0x00000094   Code   RO          368    .text.TIM_SetFaultCtrlCmd  z20k11xm_tim.o
    0x00002b4c   0x00002b4c   0x00000100   Code   RO          364    .text.TIM_SetOutputPolarity  z20k11xm_tim.o
    0x00002c4c   0x00002c4c   0x00000094   Code   RO          382    .text.TIM_SetSyncPairCCVCmd  z20k11xm_tim.o
    0x00002ce0   0x00002ce0   0x0000003c   Code   RO          312    .text.TIM_StartCounter  z20k11xm_tim.o
    0x00002d1c   0x00002d1c   0x00000040   Code   RO          410    .text.TIM_SyncConfig  z20k11xm_tim.o
    0x00002d5c   0x00002d5c   0x0000000a   Code   RO          519    .text.UART0_DriverIRQHandler  z20k11xm_uart.o
    0x00002d66   0x00002d66   0x0000000a   Code   RO          523    .text.UART1_DriverIRQHandler  z20k11xm_uart.o
    0x00002d70   0x00002d70   0x0000000a   Code   RO          525    .text.UART2_DriverIRQHandler  z20k11xm_uart.o
    0x00002d7a   0x00002d7a   0x0000000a   Code   RO          527    .text.UART3_DriverIRQHandler  z20k11xm_uart.o
    0x00002d84   0x00002d84   0x0000001c   Code   RO          449    .text.UART_GetBusyStatus  z20k11xm_uart.o
    0x00002da0   0x00002da0   0x00000034   Code   RO          463    .text.UART_GetLineStatus  z20k11xm_uart.o
    0x00002dd4   0x00002dd4   0x00000174   Code   RO          445    .text.UART_Init     z20k11xm_uart.o
    0x00002f48   0x00002f48   0x0000001c   Code   RO          439    .text.UART_InstallCallBackFunc  z20k11xm_uart.o
    0x00002f64   0x00002f64   0x00000280   Code   RO          521    .text.UART_IntHandler  z20k11xm_uart.o
    0x000031e4   0x000031e4   0x00000048   Code   RO          517    .text.UART_IntMask  z20k11xm_uart.o
    0x0000322c   0x0000322c   0x0000001c   Code   RO          457    .text.UART_ReceiveByte  z20k11xm_uart.o
    0x00003248   0x00003248   0x00000020   Code   RO          475    .text.UART_SendByte  z20k11xm_uart.o
    0x00003268   0x00003268   0x0000003c   Code   RO          447    .text.UART_WaitBusyClear  z20k11xm_uart.o
    0x000032a4   0x000032a4   0x00000020   Code   RO          593    .text.WDOG_Disable  z20k11xm_wdog.o
    0x000032c4   0x000032c4   0x00000038   Code   RO          639    .text.WDOG_DriverIRQHandler  z20k11xm_wdog.o
    0x000032fc   0x000032fc   0x0000002c   Code   RO          587    .text.WDOG_UNLOCK_CONFIG  z20k11xm_wdog.o
    0x00003328   0x00003328   0x00000040   Code   RO          589    .text.WDOG_WaitConfigCompleted  z20k11xm_wdog.o
    0x00003368   0x00003368   0x00000020   Code   RO           47    .text.__NVIC_EnableIRQ  uart.o
    0x00003388   0x00003388   0x00000020   Code   RO           72    .text.__NVIC_EnableIRQ  delay.o
    0x000033a8   0x000033a8   0x00000024   Code   RO           97    .text.__NVIC_EnableIRQ  drv10970.o
    0x000033cc   0x000033cc   0x00000048   Code   RO           68    .text.delay_init    delay.o
    0x00003414   0x00003414   0x00000010   Code   RO           87    .text.drv10970_init  drv10970.o
    0x00003424   0x00003424   0x00000040   Code   RO          101    .text.fg_get_speed2  drv10970.o
    0x00003464   0x00003464   0x00000048   Code   RO           99    .text.fg_get_spped1  drv10970.o
    0x000034ac   0x000034ac   0x00000064   Code   RO           93    .text.fr_control_dir  drv10970.o
    0x00003510   0x00003510   0x00000030   Code   RO          122    .text.get_IC1_cnt   enconder.o
    0x00003540   0x00003540   0x00000038   Code   RO          124    .text.get_IC2_cnt   enconder.o
    0x00003578   0x00003578   0x000000be   Code   RO           24    .text.led_init      led.o
    0x00003636   0x00003636   0x00000002   PAD
    0x00003638   0x00003638   0x000001fc   Code   RO           11    .text.main          main.o
    0x00003834   0x00003834   0x000000e8   Code   RO           35    .text.pwm1_init     pwm.o
    0x0000391c   0x0000391c   0x0000001c   Code   RO           95    .text.tim2_ch2_cbf  drv10970.o
    0x00003938   0x00003938   0x0000005c   Code   RO           91    .text.tim2_ch2_init  drv10970.o
    0x00003994   0x00003994   0x00000160   Code   RO           45    .text.uart1_callBack  uart.o
    0x00003af4   0x00003af4   0x000000ac   Code   RO           43    .text.uart1_init    uart.o
    0x00003ba0   0x00003ba0   0x0000002e   Code   RO          783    i.__ARM_clz         mf_p.l(depilogue.o)
    0x00003bce   0x00003bce   0x0000000e   Code   RO          795    i.__scatterload_copy  mc_p.l(handlers.o)
    0x00003bdc   0x00003bdc   0x00000002   Code   RO          796    i.__scatterload_null  mc_p.l(handlers.o)
    0x00003bde   0x00003bde   0x0000000e   Code   RO          797    i.__scatterload_zeroinit  mc_p.l(handlers.o)
    0x00003bec   0x00003bec   0x00000030   Data   RO          431    .rodata..L__const.TIM_IntHandler.timIntMaskTable  z20k11xm_tim.o
    0x00003c1c   0x00003c1c   0x00000014   Data   RO          223    .rodata.gpioRegWPtr  z20k11xm_gpio.o
    0x00003c30   0x00003c30   0x00000014   Data   RO          220    .rodata.portRegPtr  z20k11xm_gpio.o
    0x00003c44   0x00003c44   0x00000014   Data   RO          221    .rodata.portRegWPtr  z20k11xm_gpio.o
    0x00003c58   0x00003c58   0x00000020   Data   RO           76    .rodata.stimConfig  delay.o
    0x00003c78   0x00003c78   0x0000000c   Data   RO          428    .rodata.timRegPtr   z20k11xm_tim.o
    0x00003c84   0x00003c84   0x0000000c   Data   RO          429    .rodata.timRegWPtr  z20k11xm_tim.o
    0x00003c90   0x00003c90   0x00000024   Data   RO          537    .rodata.uartInterruptMaskTable  z20k11xm_uart.o
    0x00003cb4   0x00003cb4   0x00000044   Data   RO          535    .rodata.uartLineStatusTable  z20k11xm_uart.o
    0x00003cf8   0x00003cf8   0x00000010   Data   RO          531    .rodata.uartRegPtr  z20k11xm_uart.o
    0x00003d08   0x00003d08   0x00000010   Data   RO          533    .rodata.uartRegWPtr  z20k11xm_uart.o
    0x00003d18   0x00003d18   0x00000008   Data   RO          641    .rodata.wdogIntFlagMask  z20k11xm_wdog.o
    0x00003d20   0x00003d20   0x00000020   Data   RO          794    Region$$Table       anon$$obj.o


    Execution Region RAM_START (Exec base: 0x1fffc000, Load base: 0x00003d40, Size: 0x00000000, Max: 0x00004000, ABSOLUTE)

    **** No section assigned to this execution region ****


    Execution Region RW_IRAM1 (Exec base: 0x20000000, Load base: 0x00003d40, Size: 0x000001c0, Max: 0x00004000, ABSOLUTE)

    Exec Addr    Load Addr    Size         Type   Attr      Idx    E Section Name        Object

    0x20000000   0x00003d40   0x00000074   Data   RW          289    .data.parccRegPtr   z20k11xm_clock.o
    0x20000074        -       0x00000004   Zero   RW           77    .bss.delay_cnt      delay.o
    0x20000078        -       0x00000004   Zero   RW          103    .bss.motor1_speed   drv10970.o
    0x2000007c        -       0x00000004   Zero   RW          104    .bss.motor2_speed   drv10970.o
    0x20000080        -       0x00000001   Zero   RW           60    .bss.p_flag         uart.o
    0x20000081        -       0x00000003   Zero   RW           59    .bss.pack           uart.o
    0x20000084        -       0x00000004   Zero   RW          222    .bss.portIsrCbFun   z20k11xm_gpio.o
    0x20000088        -       0x00000008   Zero   RW          290    .bss.sccIsrCbFunc   z20k11xm_clock.o
    0x20000090        -       0x00000010   Zero   RW          675    .bss.stimIsrCb      z20k11xm_stim.o
    0x200000a0        -       0x00000084   Zero   RW          430    .bss.timIsrCbFunc   z20k11xm_tim.o
    0x20000124        -       0x00000003   Zero   RW           57    .bss.uart1_callBack.data  uart.o
    0x20000127   0x00003db4   0x00000001   PAD
    0x20000128        -       0x00000002   Zero   RW           58    .bss.uart1_callBack.i  uart.o
    0x2000012a   0x00003db4   0x00000002   PAD
    0x2000012c        -       0x00000080   Zero   RW          529    .bss.uartIsrCb      z20k11xm_uart.o
    0x200001ac        -       0x00000010   Zero   RW          530    .bss.uartLineStatusBuf  z20k11xm_uart.o
    0x200001bc        -       0x00000004   Zero   RW          643    .bss.wdogIsrCb      z20k11xm_wdog.o


    Execution Region ARM_LIB_HEAP (Exec base: 0x20003a00, Load base: 0x00003db4, Size: 0x00000200, Max: 0x00000200, ABSOLUTE)

    Exec Addr    Load Addr    Size         Type   Attr      Idx    E Section Name        Object

    0x20003a00        -       0x00000200   Zero   RW            2    ARM_LIB_HEAP.bss    anon$$obj.o


    Execution Region ARM_LIB_STACK (Exec base: 0x20003c00, Load base: 0x00003db4, Size: 0x00000400, Max: 0x00000400, ABSOLUTE)

    Exec Addr    Load Addr    Size         Type   Attr      Idx    E Section Name        Object

    0x20003c00        -       0x00000400   Zero   RW            1    ARM_LIB_STACK.bss   anon$$obj.o


==============================================================================

Image component sizes


      Code (inc. data)   RO Data    RW Data    ZI Data      Debug   Object Name

       120         12         32          0          4       5064   delay.o
       536         24          0          0          8       7097   drv10970.o
       104          8          0          0          0       7519   enconder.o
       190          0          0          0          0       3692   led.o
       580         80          0          0          0       3193   main.o
       232          4          0          0          0       5028   pwm.o
       556        120          0          0          9       9005   uart.o
       344        156        192          0          0       2100   z20k118m_startup.o
      3488       1600          0        116          8      16314   z20k11xm_clock.o
       920         36         60          0          4      23151   z20k11xm_gpio.o
       448         12          0          0         16       5014   z20k11xm_stim.o
      1280       1044          0          0          0      19028   z20k11xm_sysctrl.o
      3458        256         72          0        132      29454   z20k11xm_tim.o
      1352         80        136          0        144      19004   z20k11xm_uart.o
       196         24          8          0          4       6997   z20k11xm_wdog.o

    ----------------------------------------------------------------------
     13808       3456        532        116       1868     161660   Object Totals
         0          0         32          0       1536          0   (incl. Generated)
         4          0          0          0          3          0   (incl. Padding)

    ----------------------------------------------------------------------

      Code (inc. data)   RO Data    RW Data    ZI Data      Debug   Library Member Name

         0          0          0          0          0          0   entry.o
         0          0          0          0          0          0   entry10a.o
         0          0          0          0          0          0   entry11a.o
         8          4          0          0          0          0   entry4.o
         4          0          0          0          0          0   entry5.o
         0          0          0          0          0          0   entry7b.o
         0          0          0          0          0          0   entry8b.o
         8          4          0          0          0          0   entry9a.o
        30          0          0          0          0          0   handlers.o
        36          8          0          0          0         68   init.o
         0          0          0          0          0          0   iusefp.o
        32          0          0          0          0         68   llshl.o
        34          0          0          0          0         68   llushr.o
        62          0          0          0          0         72   uidiv_div0.o
        56          0          0          0          0         68   d2f.o
       240          6          0          0          0         84   ddiv.o
       236          0          0          0          0        216   depilogue.o
        40          6          0          0          0         68   dflti.o
       208          6          0          0          0         88   dmul.o
        40          0          0          0          0         60   f2d.o
       130          0          0          0          0        144   fepilogue.o
        50          0          0          0          0         60   ffixi.o
       122          0          0          0          0         72   fmul.o

    ----------------------------------------------------------------------
      1340         34          0          0          0       1136   Library Totals
         4          0          0          0          0          0   (incl. Padding)

    ----------------------------------------------------------------------

      Code (inc. data)   RO Data    RW Data    ZI Data      Debug   Library Name

       214         16          0          0          0        276   mc_p.l
      1122         18          0          0          0        860   mf_p.l

    ----------------------------------------------------------------------
      1340         34          0          0          0       1136   Library Totals

    ----------------------------------------------------------------------

==============================================================================


      Code (inc. data)   RO Data    RW Data    ZI Data      Debug   

     15148       3490        532        116       1868     162160   Grand Totals
     15148       3490        532        116       1868     162160   ELF Image Totals
     15148       3490        532        116          0          0   ROM Totals

==============================================================================

    Total RO  Size (Code + RO Data)                15680 (  15.31kB)
    Total RW  Size (RW Data + ZI Data)              1984 (   1.94kB)
    Total ROM Size (Code + RO Data + RW Data)      15796 (  15.43kB)

==============================================================================

